###############################################################################
#
# IAR ELF Linker V9.70.2.500/W64 for ARM                  11/Jan/2026  23:06:35
# Copyright 2007-2025 IAR Systems AB.
#
#    Output file  =
#        D:\ws_STM32\STM32H723ZGT6_AzureRTOS_IAR\EWARM\STM32H723ZGT6_AzureRTOS_IAR\Exe\STM32H723ZGT6_AzureRTOS_IAR.out
#    Map file     =
#        D:\ws_STM32\STM32H723ZGT6_AzureRTOS_IAR\EWARM\STM32H723ZGT6_AzureRTOS_IAR\List\STM32H723ZGT6_AzureRTOS_IAR.map
#    Command line =
#        -f
#        D:\ws_STM32\STM32H723ZGT6_AzureRTOS_IAR\EWARM\STM32H723ZGT6_AzureRTOS_IAR\Exe\STM32H723ZGT6_AzureRTOS_IAR.out.rsp
#        (D:\ws_STM32\STM32H723ZGT6_AzureRTOS_IAR\EWARM\STM32H723ZGT6_AzureRTOS_IAR\Obj\App_15308281552909585961.dir\app_azure_rtos.o
#        D:\ws_STM32\STM32H723ZGT6_AzureRTOS_IAR\EWARM\STM32H723ZGT6_AzureRTOS_IAR\Obj\Core_13247989168731456611.dir\app_threadx.o
#        D:\ws_STM32\STM32H723ZGT6_AzureRTOS_IAR\EWARM\STM32H723ZGT6_AzureRTOS_IAR\Obj\Core_13247989168731456611.dir\main.o
#        D:\ws_STM32\STM32H723ZGT6_AzureRTOS_IAR\EWARM\STM32H723ZGT6_AzureRTOS_IAR\Obj\EWARM_18443280873093131863.dir\startup_stm32h723xx.o
#        D:\ws_STM32\STM32H723ZGT6_AzureRTOS_IAR\EWARM\STM32H723ZGT6_AzureRTOS_IAR\Obj\STM32H7xx_HAL_Driver_12323373487323971647.dir\stm32h7xx_hal.o
#        D:\ws_STM32\STM32H723ZGT6_AzureRTOS_IAR\EWARM\STM32H723ZGT6_AzureRTOS_IAR\Obj\STM32H7xx_HAL_Driver_12323373487323971647.dir\stm32h7xx_hal_cortex.o
#        D:\ws_STM32\STM32H723ZGT6_AzureRTOS_IAR\EWARM\STM32H723ZGT6_AzureRTOS_IAR\Obj\STM32H7xx_HAL_Driver_12323373487323971647.dir\stm32h7xx_hal_dac.o
#        D:\ws_STM32\STM32H723ZGT6_AzureRTOS_IAR\EWARM\STM32H723ZGT6_AzureRTOS_IAR\Obj\STM32H7xx_HAL_Driver_12323373487323971647.dir\stm32h7xx_hal_dac_ex.o
#        D:\ws_STM32\STM32H723ZGT6_AzureRTOS_IAR\EWARM\STM32H723ZGT6_AzureRTOS_IAR\Obj\STM32H7xx_HAL_Driver_12323373487323971647.dir\stm32h7xx_hal_dma.o
#        D:\ws_STM32\STM32H723ZGT6_AzureRTOS_IAR\EWARM\STM32H723ZGT6_AzureRTOS_IAR\Obj\STM32H7xx_HAL_Driver_12323373487323971647.dir\stm32h7xx_hal_dma_ex.o
#        D:\ws_STM32\STM32H723ZGT6_AzureRTOS_IAR\EWARM\STM32H723ZGT6_AzureRTOS_IAR\Obj\STM32H7xx_HAL_Driver_12323373487323971647.dir\stm32h7xx_hal_exti.o
#        D:\ws_STM32\STM32H723ZGT6_AzureRTOS_IAR\EWARM\STM32H723ZGT6_AzureRTOS_IAR\Obj\STM32H7xx_HAL_Driver_12323373487323971647.dir\stm32h7xx_hal_fdcan.o
#        D:\ws_STM32\STM32H723ZGT6_AzureRTOS_IAR\EWARM\STM32H723ZGT6_AzureRTOS_IAR\Obj\STM32H7xx_HAL_Driver_12323373487323971647.dir\stm32h7xx_hal_flash.o
#        D:\ws_STM32\STM32H723ZGT6_AzureRTOS_IAR\EWARM\STM32H723ZGT6_AzureRTOS_IAR\Obj\STM32H7xx_HAL_Driver_12323373487323971647.dir\stm32h7xx_hal_flash_ex.o
#        D:\ws_STM32\STM32H723ZGT6_AzureRTOS_IAR\EWARM\STM32H723ZGT6_AzureRTOS_IAR\Obj\STM32H7xx_HAL_Driver_12323373487323971647.dir\stm32h7xx_hal_gpio.o
#        D:\ws_STM32\STM32H723ZGT6_AzureRTOS_IAR\EWARM\STM32H723ZGT6_AzureRTOS_IAR\Obj\STM32H7xx_HAL_Driver_12323373487323971647.dir\stm32h7xx_hal_hsem.o
#        D:\ws_STM32\STM32H723ZGT6_AzureRTOS_IAR\EWARM\STM32H723ZGT6_AzureRTOS_IAR\Obj\STM32H7xx_HAL_Driver_12323373487323971647.dir\stm32h7xx_hal_i2c.o
#        D:\ws_STM32\STM32H723ZGT6_AzureRTOS_IAR\EWARM\STM32H723ZGT6_AzureRTOS_IAR\Obj\STM32H7xx_HAL_Driver_12323373487323971647.dir\stm32h7xx_hal_i2c_ex.o
#        D:\ws_STM32\STM32H723ZGT6_AzureRTOS_IAR\EWARM\STM32H723ZGT6_AzureRTOS_IAR\Obj\STM32H7xx_HAL_Driver_12323373487323971647.dir\stm32h7xx_hal_mdma.o
#        D:\ws_STM32\STM32H723ZGT6_AzureRTOS_IAR\EWARM\STM32H723ZGT6_AzureRTOS_IAR\Obj\Core_13247989168731456611.dir\stm32h7xx_hal_msp.o
#        D:\ws_STM32\STM32H723ZGT6_AzureRTOS_IAR\EWARM\STM32H723ZGT6_AzureRTOS_IAR\Obj\STM32H7xx_HAL_Driver_12323373487323971647.dir\stm32h7xx_hal_pwr.o
#        D:\ws_STM32\STM32H723ZGT6_AzureRTOS_IAR\EWARM\STM32H723ZGT6_AzureRTOS_IAR\Obj\STM32H7xx_HAL_Driver_12323373487323971647.dir\stm32h7xx_hal_pwr_ex.o
#        D:\ws_STM32\STM32H723ZGT6_AzureRTOS_IAR\EWARM\STM32H723ZGT6_AzureRTOS_IAR\Obj\STM32H7xx_HAL_Driver_12323373487323971647.dir\stm32h7xx_hal_rcc.o
#        D:\ws_STM32\STM32H723ZGT6_AzureRTOS_IAR\EWARM\STM32H723ZGT6_AzureRTOS_IAR\Obj\STM32H7xx_HAL_Driver_12323373487323971647.dir\stm32h7xx_hal_rcc_ex.o
#        D:\ws_STM32\STM32H723ZGT6_AzureRTOS_IAR\EWARM\STM32H723ZGT6_AzureRTOS_IAR\Obj\STM32H7xx_HAL_Driver_12323373487323971647.dir\stm32h7xx_hal_spi.o
#        D:\ws_STM32\STM32H723ZGT6_AzureRTOS_IAR\EWARM\STM32H723ZGT6_AzureRTOS_IAR\Obj\STM32H7xx_HAL_Driver_12323373487323971647.dir\stm32h7xx_hal_spi_ex.o
#        D:\ws_STM32\STM32H723ZGT6_AzureRTOS_IAR\EWARM\STM32H723ZGT6_AzureRTOS_IAR\Obj\STM32H7xx_HAL_Driver_12323373487323971647.dir\stm32h7xx_hal_tim.o
#        D:\ws_STM32\STM32H723ZGT6_AzureRTOS_IAR\EWARM\STM32H723ZGT6_AzureRTOS_IAR\Obj\STM32H7xx_HAL_Driver_12323373487323971647.dir\stm32h7xx_hal_tim_ex.o
#        D:\ws_STM32\STM32H723ZGT6_AzureRTOS_IAR\EWARM\STM32H723ZGT6_AzureRTOS_IAR\Obj\Core_13247989168731456611.dir\stm32h7xx_hal_timebase_tim.o
#        D:\ws_STM32\STM32H723ZGT6_AzureRTOS_IAR\EWARM\STM32H723ZGT6_AzureRTOS_IAR\Obj\Core_13247989168731456611.dir\stm32h7xx_it.o
#        D:\ws_STM32\STM32H723ZGT6_AzureRTOS_IAR\EWARM\STM32H723ZGT6_AzureRTOS_IAR\Obj\CMSIS_6603591812247902717.dir\system_stm32h7xx.o
#        D:\ws_STM32\STM32H723ZGT6_AzureRTOS_IAR\EWARM\STM32H723ZGT6_AzureRTOS_IAR\Obj\RTOS\ThreadX\Core_3420850151075944117.dir\tx_block_allocate.o
#        D:\ws_STM32\STM32H723ZGT6_AzureRTOS_IAR\EWARM\STM32H723ZGT6_AzureRTOS_IAR\Obj\RTOS\ThreadX\Core_3420850151075944117.dir\tx_block_pool_cleanup.o
#        D:\ws_STM32\STM32H723ZGT6_AzureRTOS_IAR\EWARM\STM32H723ZGT6_AzureRTOS_IAR\Obj\RTOS\ThreadX\Core_3420850151075944117.dir\tx_block_pool_create.o
#        D:\ws_STM32\STM32H723ZGT6_AzureRTOS_IAR\EWARM\STM32H723ZGT6_AzureRTOS_IAR\Obj\RTOS\ThreadX\Core_3420850151075944117.dir\tx_block_pool_delete.o
#        D:\ws_STM32\STM32H723ZGT6_AzureRTOS_IAR\EWARM\STM32H723ZGT6_AzureRTOS_IAR\Obj\RTOS\ThreadX\Core_3420850151075944117.dir\tx_block_pool_info_get.o
#        D:\ws_STM32\STM32H723ZGT6_AzureRTOS_IAR\EWARM\STM32H723ZGT6_AzureRTOS_IAR\Obj\RTOS\ThreadX\Core_3420850151075944117.dir\tx_block_pool_initialize.o
#        D:\ws_STM32\STM32H723ZGT6_AzureRTOS_IAR\EWARM\STM32H723ZGT6_AzureRTOS_IAR\Obj\RTOS\ThreadX\Core_3420850151075944117.dir\tx_block_pool_prioritize.o
#        D:\ws_STM32\STM32H723ZGT6_AzureRTOS_IAR\EWARM\STM32H723ZGT6_AzureRTOS_IAR\Obj\RTOS\ThreadX\Core_3420850151075944117.dir\tx_block_release.o
#        D:\ws_STM32\STM32H723ZGT6_AzureRTOS_IAR\EWARM\STM32H723ZGT6_AzureRTOS_IAR\Obj\RTOS\ThreadX\Core_3420850151075944117.dir\tx_byte_allocate.o
#        D:\ws_STM32\STM32H723ZGT6_AzureRTOS_IAR\EWARM\STM32H723ZGT6_AzureRTOS_IAR\Obj\RTOS\ThreadX\Core_3420850151075944117.dir\tx_byte_pool_cleanup.o
#        D:\ws_STM32\STM32H723ZGT6_AzureRTOS_IAR\EWARM\STM32H723ZGT6_AzureRTOS_IAR\Obj\RTOS\ThreadX\Core_3420850151075944117.dir\tx_byte_pool_create.o
#        D:\ws_STM32\STM32H723ZGT6_AzureRTOS_IAR\EWARM\STM32H723ZGT6_AzureRTOS_IAR\Obj\RTOS\ThreadX\Core_3420850151075944117.dir\tx_byte_pool_delete.o
#        D:\ws_STM32\STM32H723ZGT6_AzureRTOS_IAR\EWARM\STM32H723ZGT6_AzureRTOS_IAR\Obj\RTOS\ThreadX\Core_3420850151075944117.dir\tx_byte_pool_info_get.o
#        D:\ws_STM32\STM32H723ZGT6_AzureRTOS_IAR\EWARM\STM32H723ZGT6_AzureRTOS_IAR\Obj\RTOS\ThreadX\Core_3420850151075944117.dir\tx_byte_pool_initialize.o
#        D:\ws_STM32\STM32H723ZGT6_AzureRTOS_IAR\EWARM\STM32H723ZGT6_AzureRTOS_IAR\Obj\RTOS\ThreadX\Core_3420850151075944117.dir\tx_byte_pool_prioritize.o
#        D:\ws_STM32\STM32H723ZGT6_AzureRTOS_IAR\EWARM\STM32H723ZGT6_AzureRTOS_IAR\Obj\RTOS\ThreadX\Core_3420850151075944117.dir\tx_byte_pool_search.o
#        D:\ws_STM32\STM32H723ZGT6_AzureRTOS_IAR\EWARM\STM32H723ZGT6_AzureRTOS_IAR\Obj\RTOS\ThreadX\Core_3420850151075944117.dir\tx_byte_release.o
#        D:\ws_STM32\STM32H723ZGT6_AzureRTOS_IAR\EWARM\STM32H723ZGT6_AzureRTOS_IAR\Obj\RTOS\ThreadX\Core_3420850151075944117.dir\tx_event_flags_cleanup.o
#        D:\ws_STM32\STM32H723ZGT6_AzureRTOS_IAR\EWARM\STM32H723ZGT6_AzureRTOS_IAR\Obj\RTOS\ThreadX\Core_3420850151075944117.dir\tx_event_flags_create.o
#        D:\ws_STM32\STM32H723ZGT6_AzureRTOS_IAR\EWARM\STM32H723ZGT6_AzureRTOS_IAR\Obj\RTOS\ThreadX\Core_3420850151075944117.dir\tx_event_flags_delete.o
#        D:\ws_STM32\STM32H723ZGT6_AzureRTOS_IAR\EWARM\STM32H723ZGT6_AzureRTOS_IAR\Obj\RTOS\ThreadX\Core_3420850151075944117.dir\tx_event_flags_get.o
#        D:\ws_STM32\STM32H723ZGT6_AzureRTOS_IAR\EWARM\STM32H723ZGT6_AzureRTOS_IAR\Obj\RTOS\ThreadX\Core_3420850151075944117.dir\tx_event_flags_info_get.o
#        D:\ws_STM32\STM32H723ZGT6_AzureRTOS_IAR\EWARM\STM32H723ZGT6_AzureRTOS_IAR\Obj\RTOS\ThreadX\Core_3420850151075944117.dir\tx_event_flags_initialize.o
#        D:\ws_STM32\STM32H723ZGT6_AzureRTOS_IAR\EWARM\STM32H723ZGT6_AzureRTOS_IAR\Obj\RTOS\ThreadX\Core_3420850151075944117.dir\tx_event_flags_set.o
#        D:\ws_STM32\STM32H723ZGT6_AzureRTOS_IAR\EWARM\STM32H723ZGT6_AzureRTOS_IAR\Obj\RTOS\ThreadX\Core_3420850151075944117.dir\tx_event_flags_set_notify.o
#        D:\ws_STM32\STM32H723ZGT6_AzureRTOS_IAR\EWARM\STM32H723ZGT6_AzureRTOS_IAR\Obj\RTOS\ThreadX\Core_3420850151075944117.dir\tx_iar.o
#        D:\ws_STM32\STM32H723ZGT6_AzureRTOS_IAR\EWARM\STM32H723ZGT6_AzureRTOS_IAR\Obj\RTOS\ThreadX\Core_3420850151075944117.dir\tx_initialize_high_level.o
#        D:\ws_STM32\STM32H723ZGT6_AzureRTOS_IAR\EWARM\STM32H723ZGT6_AzureRTOS_IAR\Obj\RTOS\ThreadX\Core_3420850151075944117.dir\tx_initialize_kernel_enter.o
#        D:\ws_STM32\STM32H723ZGT6_AzureRTOS_IAR\EWARM\STM32H723ZGT6_AzureRTOS_IAR\Obj\RTOS\ThreadX\Core_3420850151075944117.dir\tx_initialize_kernel_setup.o
#        D:\ws_STM32\STM32H723ZGT6_AzureRTOS_IAR\EWARM\STM32H723ZGT6_AzureRTOS_IAR\Obj\Core_13247989168731456611.dir\tx_initialize_low_level.o
#        D:\ws_STM32\STM32H723ZGT6_AzureRTOS_IAR\EWARM\STM32H723ZGT6_AzureRTOS_IAR\Obj\RTOS\ThreadX\Core_3420850151075944117.dir\tx_mutex_cleanup.o
#        D:\ws_STM32\STM32H723ZGT6_AzureRTOS_IAR\EWARM\STM32H723ZGT6_AzureRTOS_IAR\Obj\RTOS\ThreadX\Core_3420850151075944117.dir\tx_mutex_create.o
#        D:\ws_STM32\STM32H723ZGT6_AzureRTOS_IAR\EWARM\STM32H723ZGT6_AzureRTOS_IAR\Obj\RTOS\ThreadX\Core_3420850151075944117.dir\tx_mutex_delete.o
#        D:\ws_STM32\STM32H723ZGT6_AzureRTOS_IAR\EWARM\STM32H723ZGT6_AzureRTOS_IAR\Obj\RTOS\ThreadX\Core_3420850151075944117.dir\tx_mutex_get.o
#        D:\ws_STM32\STM32H723ZGT6_AzureRTOS_IAR\EWARM\STM32H723ZGT6_AzureRTOS_IAR\Obj\RTOS\ThreadX\Core_3420850151075944117.dir\tx_mutex_info_get.o
#        D:\ws_STM32\STM32H723ZGT6_AzureRTOS_IAR\EWARM\STM32H723ZGT6_AzureRTOS_IAR\Obj\RTOS\ThreadX\Core_3420850151075944117.dir\tx_mutex_initialize.o
#        D:\ws_STM32\STM32H723ZGT6_AzureRTOS_IAR\EWARM\STM32H723ZGT6_AzureRTOS_IAR\Obj\RTOS\ThreadX\Core_3420850151075944117.dir\tx_mutex_prioritize.o
#        D:\ws_STM32\STM32H723ZGT6_AzureRTOS_IAR\EWARM\STM32H723ZGT6_AzureRTOS_IAR\Obj\RTOS\ThreadX\Core_3420850151075944117.dir\tx_mutex_priority_change.o
#        D:\ws_STM32\STM32H723ZGT6_AzureRTOS_IAR\EWARM\STM32H723ZGT6_AzureRTOS_IAR\Obj\RTOS\ThreadX\Core_3420850151075944117.dir\tx_mutex_put.o
#        D:\ws_STM32\STM32H723ZGT6_AzureRTOS_IAR\EWARM\STM32H723ZGT6_AzureRTOS_IAR\Obj\RTOS\ThreadX\Core_3420850151075944117.dir\tx_queue_cleanup.o
#        D:\ws_STM32\STM32H723ZGT6_AzureRTOS_IAR\EWARM\STM32H723ZGT6_AzureRTOS_IAR\Obj\RTOS\ThreadX\Core_3420850151075944117.dir\tx_queue_create.o
#        D:\ws_STM32\STM32H723ZGT6_AzureRTOS_IAR\EWARM\STM32H723ZGT6_AzureRTOS_IAR\Obj\RTOS\ThreadX\Core_3420850151075944117.dir\tx_queue_delete.o
#        D:\ws_STM32\STM32H723ZGT6_AzureRTOS_IAR\EWARM\STM32H723ZGT6_AzureRTOS_IAR\Obj\RTOS\ThreadX\Core_3420850151075944117.dir\tx_queue_flush.o
#        D:\ws_STM32\STM32H723ZGT6_AzureRTOS_IAR\EWARM\STM32H723ZGT6_AzureRTOS_IAR\Obj\RTOS\ThreadX\Core_3420850151075944117.dir\tx_queue_front_send.o
#        D:\ws_STM32\STM32H723ZGT6_AzureRTOS_IAR\EWARM\STM32H723ZGT6_AzureRTOS_IAR\Obj\RTOS\ThreadX\Core_3420850151075944117.dir\tx_queue_info_get.o
#        D:\ws_STM32\STM32H723ZGT6_AzureRTOS_IAR\EWARM\STM32H723ZGT6_AzureRTOS_IAR\Obj\RTOS\ThreadX\Core_3420850151075944117.dir\tx_queue_initialize.o
#        D:\ws_STM32\STM32H723ZGT6_AzureRTOS_IAR\EWARM\STM32H723ZGT6_AzureRTOS_IAR\Obj\RTOS\ThreadX\Core_3420850151075944117.dir\tx_queue_prioritize.o
#        D:\ws_STM32\STM32H723ZGT6_AzureRTOS_IAR\EWARM\STM32H723ZGT6_AzureRTOS_IAR\Obj\RTOS\ThreadX\Core_3420850151075944117.dir\tx_queue_receive.o
#        D:\ws_STM32\STM32H723ZGT6_AzureRTOS_IAR\EWARM\STM32H723ZGT6_AzureRTOS_IAR\Obj\RTOS\ThreadX\Core_3420850151075944117.dir\tx_queue_send.o
#        D:\ws_STM32\STM32H723ZGT6_AzureRTOS_IAR\EWARM\STM32H723ZGT6_AzureRTOS_IAR\Obj\RTOS\ThreadX\Core_3420850151075944117.dir\tx_queue_send_notify.o
#        D:\ws_STM32\STM32H723ZGT6_AzureRTOS_IAR\EWARM\STM32H723ZGT6_AzureRTOS_IAR\Obj\RTOS\ThreadX\Core_3420850151075944117.dir\tx_semaphore_ceiling_put.o
#        D:\ws_STM32\STM32H723ZGT6_AzureRTOS_IAR\EWARM\STM32H723ZGT6_AzureRTOS_IAR\Obj\RTOS\ThreadX\Core_3420850151075944117.dir\tx_semaphore_cleanup.o
#        D:\ws_STM32\STM32H723ZGT6_AzureRTOS_IAR\EWARM\STM32H723ZGT6_AzureRTOS_IAR\Obj\RTOS\ThreadX\Core_3420850151075944117.dir\tx_semaphore_create.o
#        D:\ws_STM32\STM32H723ZGT6_AzureRTOS_IAR\EWARM\STM32H723ZGT6_AzureRTOS_IAR\Obj\RTOS\ThreadX\Core_3420850151075944117.dir\tx_semaphore_delete.o
#        D:\ws_STM32\STM32H723ZGT6_AzureRTOS_IAR\EWARM\STM32H723ZGT6_AzureRTOS_IAR\Obj\RTOS\ThreadX\Core_3420850151075944117.dir\tx_semaphore_get.o
#        D:\ws_STM32\STM32H723ZGT6_AzureRTOS_IAR\EWARM\STM32H723ZGT6_AzureRTOS_IAR\Obj\RTOS\ThreadX\Core_3420850151075944117.dir\tx_semaphore_info_get.o
#        D:\ws_STM32\STM32H723ZGT6_AzureRTOS_IAR\EWARM\STM32H723ZGT6_AzureRTOS_IAR\Obj\RTOS\ThreadX\Core_3420850151075944117.dir\tx_semaphore_initialize.o
#        D:\ws_STM32\STM32H723ZGT6_AzureRTOS_IAR\EWARM\STM32H723ZGT6_AzureRTOS_IAR\Obj\RTOS\ThreadX\Core_3420850151075944117.dir\tx_semaphore_prioritize.o
#        D:\ws_STM32\STM32H723ZGT6_AzureRTOS_IAR\EWARM\STM32H723ZGT6_AzureRTOS_IAR\Obj\RTOS\ThreadX\Core_3420850151075944117.dir\tx_semaphore_put.o
#        D:\ws_STM32\STM32H723ZGT6_AzureRTOS_IAR\EWARM\STM32H723ZGT6_AzureRTOS_IAR\Obj\RTOS\ThreadX\Core_3420850151075944117.dir\tx_semaphore_put_notify.o
#        D:\ws_STM32\STM32H723ZGT6_AzureRTOS_IAR\EWARM\STM32H723ZGT6_AzureRTOS_IAR\Obj\RTOS\ThreadX\Core_3420850151075944117.dir\tx_thread_context_restore.o
#        D:\ws_STM32\STM32H723ZGT6_AzureRTOS_IAR\EWARM\STM32H723ZGT6_AzureRTOS_IAR\Obj\RTOS\ThreadX\Core_3420850151075944117.dir\tx_thread_context_save.o
#        D:\ws_STM32\STM32H723ZGT6_AzureRTOS_IAR\EWARM\STM32H723ZGT6_AzureRTOS_IAR\Obj\RTOS\ThreadX\Core_3420850151075944117.dir\tx_thread_create.o
#        D:\ws_STM32\STM32H723ZGT6_AzureRTOS_IAR\EWARM\STM32H723ZGT6_AzureRTOS_IAR\Obj\RTOS\ThreadX\Core_3420850151075944117.dir\tx_thread_delete.o
#        D:\ws_STM32\STM32H723ZGT6_AzureRTOS_IAR\EWARM\STM32H723ZGT6_AzureRTOS_IAR\Obj\RTOS\ThreadX\Core_3420850151075944117.dir\tx_thread_entry_exit_notify.o
#        D:\ws_STM32\STM32H723ZGT6_AzureRTOS_IAR\EWARM\STM32H723ZGT6_AzureRTOS_IAR\Obj\RTOS\ThreadX\Core_3420850151075944117.dir\tx_thread_identify.o
#        D:\ws_STM32\STM32H723ZGT6_AzureRTOS_IAR\EWARM\STM32H723ZGT6_AzureRTOS_IAR\Obj\RTOS\ThreadX\Core_3420850151075944117.dir\tx_thread_info_get.o
#        D:\ws_STM32\STM32H723ZGT6_AzureRTOS_IAR\EWARM\STM32H723ZGT6_AzureRTOS_IAR\Obj\RTOS\ThreadX\Core_3420850151075944117.dir\tx_thread_initialize.o
#        D:\ws_STM32\STM32H723ZGT6_AzureRTOS_IAR\EWARM\STM32H723ZGT6_AzureRTOS_IAR\Obj\RTOS\ThreadX\Core_3420850151075944117.dir\tx_thread_interrupt_control.o
#        D:\ws_STM32\STM32H723ZGT6_AzureRTOS_IAR\EWARM\STM32H723ZGT6_AzureRTOS_IAR\Obj\RTOS\ThreadX\Core_3420850151075944117.dir\tx_thread_interrupt_disable.o
#        D:\ws_STM32\STM32H723ZGT6_AzureRTOS_IAR\EWARM\STM32H723ZGT6_AzureRTOS_IAR\Obj\RTOS\ThreadX\Core_3420850151075944117.dir\tx_thread_interrupt_restore.o
#        D:\ws_STM32\STM32H723ZGT6_AzureRTOS_IAR\EWARM\STM32H723ZGT6_AzureRTOS_IAR\Obj\RTOS\ThreadX\Core_3420850151075944117.dir\tx_thread_preemption_change.o
#        D:\ws_STM32\STM32H723ZGT6_AzureRTOS_IAR\EWARM\STM32H723ZGT6_AzureRTOS_IAR\Obj\RTOS\ThreadX\Core_3420850151075944117.dir\tx_thread_priority_change.o
#        D:\ws_STM32\STM32H723ZGT6_AzureRTOS_IAR\EWARM\STM32H723ZGT6_AzureRTOS_IAR\Obj\RTOS\ThreadX\Core_3420850151075944117.dir\tx_thread_relinquish.o
#        D:\ws_STM32\STM32H723ZGT6_AzureRTOS_IAR\EWARM\STM32H723ZGT6_AzureRTOS_IAR\Obj\RTOS\ThreadX\Core_3420850151075944117.dir\tx_thread_reset.o
#        D:\ws_STM32\STM32H723ZGT6_AzureRTOS_IAR\EWARM\STM32H723ZGT6_AzureRTOS_IAR\Obj\RTOS\ThreadX\Core_3420850151075944117.dir\tx_thread_resume.o
#        D:\ws_STM32\STM32H723ZGT6_AzureRTOS_IAR\EWARM\STM32H723ZGT6_AzureRTOS_IAR\Obj\RTOS\ThreadX\Core_3420850151075944117.dir\tx_thread_schedule.o
#        D:\ws_STM32\STM32H723ZGT6_AzureRTOS_IAR\EWARM\STM32H723ZGT6_AzureRTOS_IAR\Obj\RTOS\ThreadX\Core_3420850151075944117.dir\tx_thread_shell_entry.o
#        D:\ws_STM32\STM32H723ZGT6_AzureRTOS_IAR\EWARM\STM32H723ZGT6_AzureRTOS_IAR\Obj\RTOS\ThreadX\Core_3420850151075944117.dir\tx_thread_sleep.o
#        D:\ws_STM32\STM32H723ZGT6_AzureRTOS_IAR\EWARM\STM32H723ZGT6_AzureRTOS_IAR\Obj\RTOS\ThreadX\Core_3420850151075944117.dir\tx_thread_stack_analyze.o
#        D:\ws_STM32\STM32H723ZGT6_AzureRTOS_IAR\EWARM\STM32H723ZGT6_AzureRTOS_IAR\Obj\RTOS\ThreadX\Core_3420850151075944117.dir\tx_thread_stack_build.o
#        D:\ws_STM32\STM32H723ZGT6_AzureRTOS_IAR\EWARM\STM32H723ZGT6_AzureRTOS_IAR\Obj\RTOS\ThreadX\Core_3420850151075944117.dir\tx_thread_stack_error_handler.o
#        D:\ws_STM32\STM32H723ZGT6_AzureRTOS_IAR\EWARM\STM32H723ZGT6_AzureRTOS_IAR\Obj\RTOS\ThreadX\Core_3420850151075944117.dir\tx_thread_stack_error_notify.o
#        D:\ws_STM32\STM32H723ZGT6_AzureRTOS_IAR\EWARM\STM32H723ZGT6_AzureRTOS_IAR\Obj\RTOS\ThreadX\Core_3420850151075944117.dir\tx_thread_suspend.o
#        D:\ws_STM32\STM32H723ZGT6_AzureRTOS_IAR\EWARM\STM32H723ZGT6_AzureRTOS_IAR\Obj\RTOS\ThreadX\Core_3420850151075944117.dir\tx_thread_system_preempt_check.o
#        D:\ws_STM32\STM32H723ZGT6_AzureRTOS_IAR\EWARM\STM32H723ZGT6_AzureRTOS_IAR\Obj\RTOS\ThreadX\Core_3420850151075944117.dir\tx_thread_system_resume.o
#        D:\ws_STM32\STM32H723ZGT6_AzureRTOS_IAR\EWARM\STM32H723ZGT6_AzureRTOS_IAR\Obj\RTOS\ThreadX\Core_3420850151075944117.dir\tx_thread_system_return.o
#        D:\ws_STM32\STM32H723ZGT6_AzureRTOS_IAR\EWARM\STM32H723ZGT6_AzureRTOS_IAR\Obj\RTOS\ThreadX\Core_3420850151075944117.dir\tx_thread_system_suspend.o
#        D:\ws_STM32\STM32H723ZGT6_AzureRTOS_IAR\EWARM\STM32H723ZGT6_AzureRTOS_IAR\Obj\RTOS\ThreadX\Core_3420850151075944117.dir\tx_thread_terminate.o
#        D:\ws_STM32\STM32H723ZGT6_AzureRTOS_IAR\EWARM\STM32H723ZGT6_AzureRTOS_IAR\Obj\RTOS\ThreadX\Core_3420850151075944117.dir\tx_thread_time_slice.o
#        D:\ws_STM32\STM32H723ZGT6_AzureRTOS_IAR\EWARM\STM32H723ZGT6_AzureRTOS_IAR\Obj\RTOS\ThreadX\Core_3420850151075944117.dir\tx_thread_time_slice_change.o
#        D:\ws_STM32\STM32H723ZGT6_AzureRTOS_IAR\EWARM\STM32H723ZGT6_AzureRTOS_IAR\Obj\RTOS\ThreadX\Core_3420850151075944117.dir\tx_thread_timeout.o
#        D:\ws_STM32\STM32H723ZGT6_AzureRTOS_IAR\EWARM\STM32H723ZGT6_AzureRTOS_IAR\Obj\RTOS\ThreadX\Core_3420850151075944117.dir\tx_thread_wait_abort.o
#        D:\ws_STM32\STM32H723ZGT6_AzureRTOS_IAR\EWARM\STM32H723ZGT6_AzureRTOS_IAR\Obj\RTOS\ThreadX\Core_3420850151075944117.dir\tx_time_get.o
#        D:\ws_STM32\STM32H723ZGT6_AzureRTOS_IAR\EWARM\STM32H723ZGT6_AzureRTOS_IAR\Obj\RTOS\ThreadX\Core_3420850151075944117.dir\tx_time_set.o
#        D:\ws_STM32\STM32H723ZGT6_AzureRTOS_IAR\EWARM\STM32H723ZGT6_AzureRTOS_IAR\Obj\RTOS\ThreadX\Core_3420850151075944117.dir\tx_timer_activate.o
#        D:\ws_STM32\STM32H723ZGT6_AzureRTOS_IAR\EWARM\STM32H723ZGT6_AzureRTOS_IAR\Obj\RTOS\ThreadX\Core_3420850151075944117.dir\tx_timer_change.o
#        D:\ws_STM32\STM32H723ZGT6_AzureRTOS_IAR\EWARM\STM32H723ZGT6_AzureRTOS_IAR\Obj\RTOS\ThreadX\Core_3420850151075944117.dir\tx_timer_create.o
#        D:\ws_STM32\STM32H723ZGT6_AzureRTOS_IAR\EWARM\STM32H723ZGT6_AzureRTOS_IAR\Obj\RTOS\ThreadX\Core_3420850151075944117.dir\tx_timer_deactivate.o
#        D:\ws_STM32\STM32H723ZGT6_AzureRTOS_IAR\EWARM\STM32H723ZGT6_AzureRTOS_IAR\Obj\RTOS\ThreadX\Core_3420850151075944117.dir\tx_timer_delete.o
#        D:\ws_STM32\STM32H723ZGT6_AzureRTOS_IAR\EWARM\STM32H723ZGT6_AzureRTOS_IAR\Obj\RTOS\ThreadX\Core_3420850151075944117.dir\tx_timer_expiration_process.o
#        D:\ws_STM32\STM32H723ZGT6_AzureRTOS_IAR\EWARM\STM32H723ZGT6_AzureRTOS_IAR\Obj\RTOS\ThreadX\Core_3420850151075944117.dir\tx_timer_info_get.o
#        D:\ws_STM32\STM32H723ZGT6_AzureRTOS_IAR\EWARM\STM32H723ZGT6_AzureRTOS_IAR\Obj\RTOS\ThreadX\Core_3420850151075944117.dir\tx_timer_initialize.o
#        D:\ws_STM32\STM32H723ZGT6_AzureRTOS_IAR\EWARM\STM32H723ZGT6_AzureRTOS_IAR\Obj\RTOS\ThreadX\Core_3420850151075944117.dir\tx_timer_interrupt.o
#        D:\ws_STM32\STM32H723ZGT6_AzureRTOS_IAR\EWARM\STM32H723ZGT6_AzureRTOS_IAR\Obj\RTOS\ThreadX\Core_3420850151075944117.dir\tx_timer_system_activate.o
#        D:\ws_STM32\STM32H723ZGT6_AzureRTOS_IAR\EWARM\STM32H723ZGT6_AzureRTOS_IAR\Obj\RTOS\ThreadX\Core_3420850151075944117.dir\tx_timer_system_deactivate.o
#        D:\ws_STM32\STM32H723ZGT6_AzureRTOS_IAR\EWARM\STM32H723ZGT6_AzureRTOS_IAR\Obj\RTOS\ThreadX\Core_3420850151075944117.dir\tx_timer_thread_entry.o
#        D:\ws_STM32\STM32H723ZGT6_AzureRTOS_IAR\EWARM\STM32H723ZGT6_AzureRTOS_IAR\Obj\RTOS\ThreadX\Core_3420850151075944117.dir\txe_block_allocate.o
#        D:\ws_STM32\STM32H723ZGT6_AzureRTOS_IAR\EWARM\STM32H723ZGT6_AzureRTOS_IAR\Obj\RTOS\ThreadX\Core_3420850151075944117.dir\txe_block_pool_create.o
#        D:\ws_STM32\STM32H723ZGT6_AzureRTOS_IAR\EWARM\STM32H723ZGT6_AzureRTOS_IAR\Obj\RTOS\ThreadX\Core_3420850151075944117.dir\txe_block_pool_delete.o
#        D:\ws_STM32\STM32H723ZGT6_AzureRTOS_IAR\EWARM\STM32H723ZGT6_AzureRTOS_IAR\Obj\RTOS\ThreadX\Core_3420850151075944117.dir\txe_block_pool_info_get.o
#        D:\ws_STM32\STM32H723ZGT6_AzureRTOS_IAR\EWARM\STM32H723ZGT6_AzureRTOS_IAR\Obj\RTOS\ThreadX\Core_3420850151075944117.dir\txe_block_pool_prioritize.o
#        D:\ws_STM32\STM32H723ZGT6_AzureRTOS_IAR\EWARM\STM32H723ZGT6_AzureRTOS_IAR\Obj\RTOS\ThreadX\Core_3420850151075944117.dir\txe_block_release.o
#        D:\ws_STM32\STM32H723ZGT6_AzureRTOS_IAR\EWARM\STM32H723ZGT6_AzureRTOS_IAR\Obj\RTOS\ThreadX\Core_3420850151075944117.dir\txe_byte_allocate.o
#        D:\ws_STM32\STM32H723ZGT6_AzureRTOS_IAR\EWARM\STM32H723ZGT6_AzureRTOS_IAR\Obj\RTOS\ThreadX\Core_3420850151075944117.dir\txe_byte_pool_create.o
#        D:\ws_STM32\STM32H723ZGT6_AzureRTOS_IAR\EWARM\STM32H723ZGT6_AzureRTOS_IAR\Obj\RTOS\ThreadX\Core_3420850151075944117.dir\txe_byte_pool_delete.o
#        D:\ws_STM32\STM32H723ZGT6_AzureRTOS_IAR\EWARM\STM32H723ZGT6_AzureRTOS_IAR\Obj\RTOS\ThreadX\Core_3420850151075944117.dir\txe_byte_pool_info_get.o
#        D:\ws_STM32\STM32H723ZGT6_AzureRTOS_IAR\EWARM\STM32H723ZGT6_AzureRTOS_IAR\Obj\RTOS\ThreadX\Core_3420850151075944117.dir\txe_byte_pool_prioritize.o
#        D:\ws_STM32\STM32H723ZGT6_AzureRTOS_IAR\EWARM\STM32H723ZGT6_AzureRTOS_IAR\Obj\RTOS\ThreadX\Core_3420850151075944117.dir\txe_byte_release.o
#        D:\ws_STM32\STM32H723ZGT6_AzureRTOS_IAR\EWARM\STM32H723ZGT6_AzureRTOS_IAR\Obj\RTOS\ThreadX\Core_3420850151075944117.dir\txe_event_flags_create.o
#        D:\ws_STM32\STM32H723ZGT6_AzureRTOS_IAR\EWARM\STM32H723ZGT6_AzureRTOS_IAR\Obj\RTOS\ThreadX\Core_3420850151075944117.dir\txe_event_flags_delete.o
#        D:\ws_STM32\STM32H723ZGT6_AzureRTOS_IAR\EWARM\STM32H723ZGT6_AzureRTOS_IAR\Obj\RTOS\ThreadX\Core_3420850151075944117.dir\txe_event_flags_get.o
#        D:\ws_STM32\STM32H723ZGT6_AzureRTOS_IAR\EWARM\STM32H723ZGT6_AzureRTOS_IAR\Obj\RTOS\ThreadX\Core_3420850151075944117.dir\txe_event_flags_info_get.o
#        D:\ws_STM32\STM32H723ZGT6_AzureRTOS_IAR\EWARM\STM32H723ZGT6_AzureRTOS_IAR\Obj\RTOS\ThreadX\Core_3420850151075944117.dir\txe_event_flags_set.o
#        D:\ws_STM32\STM32H723ZGT6_AzureRTOS_IAR\EWARM\STM32H723ZGT6_AzureRTOS_IAR\Obj\RTOS\ThreadX\Core_3420850151075944117.dir\txe_event_flags_set_notify.o
#        D:\ws_STM32\STM32H723ZGT6_AzureRTOS_IAR\EWARM\STM32H723ZGT6_AzureRTOS_IAR\Obj\RTOS\ThreadX\Core_3420850151075944117.dir\txe_mutex_create.o
#        D:\ws_STM32\STM32H723ZGT6_AzureRTOS_IAR\EWARM\STM32H723ZGT6_AzureRTOS_IAR\Obj\RTOS\ThreadX\Core_3420850151075944117.dir\txe_mutex_delete.o
#        D:\ws_STM32\STM32H723ZGT6_AzureRTOS_IAR\EWARM\STM32H723ZGT6_AzureRTOS_IAR\Obj\RTOS\ThreadX\Core_3420850151075944117.dir\txe_mutex_get.o
#        D:\ws_STM32\STM32H723ZGT6_AzureRTOS_IAR\EWARM\STM32H723ZGT6_AzureRTOS_IAR\Obj\RTOS\ThreadX\Core_3420850151075944117.dir\txe_mutex_info_get.o
#        D:\ws_STM32\STM32H723ZGT6_AzureRTOS_IAR\EWARM\STM32H723ZGT6_AzureRTOS_IAR\Obj\RTOS\ThreadX\Core_3420850151075944117.dir\txe_mutex_prioritize.o
#        D:\ws_STM32\STM32H723ZGT6_AzureRTOS_IAR\EWARM\STM32H723ZGT6_AzureRTOS_IAR\Obj\RTOS\ThreadX\Core_3420850151075944117.dir\txe_mutex_put.o
#        D:\ws_STM32\STM32H723ZGT6_AzureRTOS_IAR\EWARM\STM32H723ZGT6_AzureRTOS_IAR\Obj\RTOS\ThreadX\Core_3420850151075944117.dir\txe_queue_create.o
#        D:\ws_STM32\STM32H723ZGT6_AzureRTOS_IAR\EWARM\STM32H723ZGT6_AzureRTOS_IAR\Obj\RTOS\ThreadX\Core_3420850151075944117.dir\txe_queue_delete.o
#        D:\ws_STM32\STM32H723ZGT6_AzureRTOS_IAR\EWARM\STM32H723ZGT6_AzureRTOS_IAR\Obj\RTOS\ThreadX\Core_3420850151075944117.dir\txe_queue_flush.o
#        D:\ws_STM32\STM32H723ZGT6_AzureRTOS_IAR\EWARM\STM32H723ZGT6_AzureRTOS_IAR\Obj\RTOS\ThreadX\Core_3420850151075944117.dir\txe_queue_front_send.o
#        D:\ws_STM32\STM32H723ZGT6_AzureRTOS_IAR\EWARM\STM32H723ZGT6_AzureRTOS_IAR\Obj\RTOS\ThreadX\Core_3420850151075944117.dir\txe_queue_info_get.o
#        D:\ws_STM32\STM32H723ZGT6_AzureRTOS_IAR\EWARM\STM32H723ZGT6_AzureRTOS_IAR\Obj\RTOS\ThreadX\Core_3420850151075944117.dir\txe_queue_prioritize.o
#        D:\ws_STM32\STM32H723ZGT6_AzureRTOS_IAR\EWARM\STM32H723ZGT6_AzureRTOS_IAR\Obj\RTOS\ThreadX\Core_3420850151075944117.dir\txe_queue_receive.o
#        D:\ws_STM32\STM32H723ZGT6_AzureRTOS_IAR\EWARM\STM32H723ZGT6_AzureRTOS_IAR\Obj\RTOS\ThreadX\Core_3420850151075944117.dir\txe_queue_send.o
#        D:\ws_STM32\STM32H723ZGT6_AzureRTOS_IAR\EWARM\STM32H723ZGT6_AzureRTOS_IAR\Obj\RTOS\ThreadX\Core_3420850151075944117.dir\txe_queue_send_notify.o
#        D:\ws_STM32\STM32H723ZGT6_AzureRTOS_IAR\EWARM\STM32H723ZGT6_AzureRTOS_IAR\Obj\RTOS\ThreadX\Core_3420850151075944117.dir\txe_semaphore_ceiling_put.o
#        D:\ws_STM32\STM32H723ZGT6_AzureRTOS_IAR\EWARM\STM32H723ZGT6_AzureRTOS_IAR\Obj\RTOS\ThreadX\Core_3420850151075944117.dir\txe_semaphore_create.o
#        D:\ws_STM32\STM32H723ZGT6_AzureRTOS_IAR\EWARM\STM32H723ZGT6_AzureRTOS_IAR\Obj\RTOS\ThreadX\Core_3420850151075944117.dir\txe_semaphore_delete.o
#        D:\ws_STM32\STM32H723ZGT6_AzureRTOS_IAR\EWARM\STM32H723ZGT6_AzureRTOS_IAR\Obj\RTOS\ThreadX\Core_3420850151075944117.dir\txe_semaphore_get.o
#        D:\ws_STM32\STM32H723ZGT6_AzureRTOS_IAR\EWARM\STM32H723ZGT6_AzureRTOS_IAR\Obj\RTOS\ThreadX\Core_3420850151075944117.dir\txe_semaphore_info_get.o
#        D:\ws_STM32\STM32H723ZGT6_AzureRTOS_IAR\EWARM\STM32H723ZGT6_AzureRTOS_IAR\Obj\RTOS\ThreadX\Core_3420850151075944117.dir\txe_semaphore_prioritize.o
#        D:\ws_STM32\STM32H723ZGT6_AzureRTOS_IAR\EWARM\STM32H723ZGT6_AzureRTOS_IAR\Obj\RTOS\ThreadX\Core_3420850151075944117.dir\txe_semaphore_put.o
#        D:\ws_STM32\STM32H723ZGT6_AzureRTOS_IAR\EWARM\STM32H723ZGT6_AzureRTOS_IAR\Obj\RTOS\ThreadX\Core_3420850151075944117.dir\txe_semaphore_put_notify.o
#        D:\ws_STM32\STM32H723ZGT6_AzureRTOS_IAR\EWARM\STM32H723ZGT6_AzureRTOS_IAR\Obj\RTOS\ThreadX\Core_3420850151075944117.dir\txe_thread_create.o
#        D:\ws_STM32\STM32H723ZGT6_AzureRTOS_IAR\EWARM\STM32H723ZGT6_AzureRTOS_IAR\Obj\RTOS\ThreadX\Core_3420850151075944117.dir\txe_thread_delete.o
#        D:\ws_STM32\STM32H723ZGT6_AzureRTOS_IAR\EWARM\STM32H723ZGT6_AzureRTOS_IAR\Obj\RTOS\ThreadX\Core_3420850151075944117.dir\txe_thread_entry_exit_notify.o
#        D:\ws_STM32\STM32H723ZGT6_AzureRTOS_IAR\EWARM\STM32H723ZGT6_AzureRTOS_IAR\Obj\RTOS\ThreadX\Core_3420850151075944117.dir\txe_thread_info_get.o
#        D:\ws_STM32\STM32H723ZGT6_AzureRTOS_IAR\EWARM\STM32H723ZGT6_AzureRTOS_IAR\Obj\RTOS\ThreadX\Core_3420850151075944117.dir\txe_thread_preemption_change.o
#        D:\ws_STM32\STM32H723ZGT6_AzureRTOS_IAR\EWARM\STM32H723ZGT6_AzureRTOS_IAR\Obj\RTOS\ThreadX\Core_3420850151075944117.dir\txe_thread_priority_change.o
#        D:\ws_STM32\STM32H723ZGT6_AzureRTOS_IAR\EWARM\STM32H723ZGT6_AzureRTOS_IAR\Obj\RTOS\ThreadX\Core_3420850151075944117.dir\txe_thread_relinquish.o
#        D:\ws_STM32\STM32H723ZGT6_AzureRTOS_IAR\EWARM\STM32H723ZGT6_AzureRTOS_IAR\Obj\RTOS\ThreadX\Core_3420850151075944117.dir\txe_thread_reset.o
#        D:\ws_STM32\STM32H723ZGT6_AzureRTOS_IAR\EWARM\STM32H723ZGT6_AzureRTOS_IAR\Obj\RTOS\ThreadX\Core_3420850151075944117.dir\txe_thread_resume.o
#        D:\ws_STM32\STM32H723ZGT6_AzureRTOS_IAR\EWARM\STM32H723ZGT6_AzureRTOS_IAR\Obj\RTOS\ThreadX\Core_3420850151075944117.dir\txe_thread_suspend.o
#        D:\ws_STM32\STM32H723ZGT6_AzureRTOS_IAR\EWARM\STM32H723ZGT6_AzureRTOS_IAR\Obj\RTOS\ThreadX\Core_3420850151075944117.dir\txe_thread_terminate.o
#        D:\ws_STM32\STM32H723ZGT6_AzureRTOS_IAR\EWARM\STM32H723ZGT6_AzureRTOS_IAR\Obj\RTOS\ThreadX\Core_3420850151075944117.dir\txe_thread_time_slice_change.o
#        D:\ws_STM32\STM32H723ZGT6_AzureRTOS_IAR\EWARM\STM32H723ZGT6_AzureRTOS_IAR\Obj\RTOS\ThreadX\Core_3420850151075944117.dir\txe_thread_wait_abort.o
#        D:\ws_STM32\STM32H723ZGT6_AzureRTOS_IAR\EWARM\STM32H723ZGT6_AzureRTOS_IAR\Obj\RTOS\ThreadX\Core_3420850151075944117.dir\txe_timer_activate.o
#        D:\ws_STM32\STM32H723ZGT6_AzureRTOS_IAR\EWARM\STM32H723ZGT6_AzureRTOS_IAR\Obj\RTOS\ThreadX\Core_3420850151075944117.dir\txe_timer_change.o
#        D:\ws_STM32\STM32H723ZGT6_AzureRTOS_IAR\EWARM\STM32H723ZGT6_AzureRTOS_IAR\Obj\RTOS\ThreadX\Core_3420850151075944117.dir\txe_timer_create.o
#        D:\ws_STM32\STM32H723ZGT6_AzureRTOS_IAR\EWARM\STM32H723ZGT6_AzureRTOS_IAR\Obj\RTOS\ThreadX\Core_3420850151075944117.dir\txe_timer_deactivate.o
#        D:\ws_STM32\STM32H723ZGT6_AzureRTOS_IAR\EWARM\STM32H723ZGT6_AzureRTOS_IAR\Obj\RTOS\ThreadX\Core_3420850151075944117.dir\txe_timer_delete.o
#        D:\ws_STM32\STM32H723ZGT6_AzureRTOS_IAR\EWARM\STM32H723ZGT6_AzureRTOS_IAR\Obj\RTOS\ThreadX\Core_3420850151075944117.dir\txe_timer_info_get.o
#        --no_out_extension -o
#        D:\ws_STM32\STM32H723ZGT6_AzureRTOS_IAR\EWARM\STM32H723ZGT6_AzureRTOS_IAR\Exe\STM32H723ZGT6_AzureRTOS_IAR.out
#        --redirect _Printf=_PrintfFullNoMb --redirect _Scanf=_ScanfFullNoMb
#        --map
#        D:\ws_STM32\STM32H723ZGT6_AzureRTOS_IAR\EWARM\STM32H723ZGT6_AzureRTOS_IAR\List\STM32H723ZGT6_AzureRTOS_IAR.map
#        --config
#        D:\ws_STM32\STM32H723ZGT6_AzureRTOS_IAR\EWARM/stm32h723xx_flash.icf
#        --semihosting --entry __iar_program_start --vfe --text_out locale
#        --cpu=Cortex-M7 --fpu=VFPv5_d16) --diagnostics_format=sarif_stdout
#        --dependencies=n
#        D:\ws_STM32\STM32H723ZGT6_AzureRTOS_IAR\EWARM\STM32H723ZGT6_AzureRTOS_IAR\Exe\STM32H723ZGT6_AzureRTOS_IAR.out.iar_deps
#        --dynamic_output
#        D:\ws_STM32\STM32H723ZGT6_AzureRTOS_IAR\EWARM\STM32H723ZGT6_AzureRTOS_IAR\Exe\STM32H723ZGT6_AzureRTOS_IAR.out.iar_dynout
#
###############################################################################

*******************************************************************************
*** RUNTIME MODEL ATTRIBUTES
***

CppFlavor       = *
__CPP_Runtime   = 1
__SystemLibrary = DLib
__dlib_version  = 6


*******************************************************************************
*** HEAP SELECTION
***

The basic heap was selected because --advanced_heap
was not specified and the application did not appear to
be primarily optimized for speed.


*******************************************************************************
*** PLACEMENT SUMMARY
***

"A0":  place at address 0x800'0000 {  ro section .intvec };
"P1":  place in [from 0x800'0000 to 0x80f'ffff] {  ro };
define block CSTACK with size = 1K, alignment = 8 { };
define block HEAP with size = 512, alignment = 8 { };
"P2":  place in [from 0x2000'0000 to 0x2001'ffff] {
           rw,  block CSTACK,  block HEAP };
initialize by copy {  rw };

  Section            Kind         Address  Alignment    Size  Object
  -------            ----         -------  ---------    ----  ------
"A0":                                                  0x2cc
  .intvec            ro code   0x800'0000          4   0x2cc  startup_stm32h723xx.o [4]
                             - 0x800'02cc              0x2cc

"P1":                                                 0x3e78
  .text              ro code   0x800'02cc          4   0x958  stm32h7xx_hal_rcc_ex.o [6]
  .text              ro code   0x800'0c24          4     0xc  stm32h7xx_hal.o [6]
  .text              ro code   0x800'0c30          4   0x490  stm32h7xx_hal_rcc.o [6]
  .text              ro code   0x800'10c0          4   0x450  main.o [3]
  .text              ro code   0x800'1510          4   0x110  stm32h7xx_hal_cortex.o [6]
  .text              ro code   0x800'1620          4    0x5c  stm32h7xx_hal.o [6]
  .text              ro code   0x800'167c          4     0x6  ABImemclr4.o [9]
  .text              ro code   0x800'1682          2    0x2a  copy_init3.o [9]
  .text              ro code   0x800'16ac          4   0x208  stm32h7xx_hal_gpio.o [6]
  .text              ro code   0x800'18b4          4   0x3d8  stm32h7xx_hal_fdcan.o [6]
  .text              ro code   0x800'1c8c          4   0x178  stm32h7xx_hal_dac.o [6]
  .text              ro code   0x800'1e04          4   0x160  stm32h7xx_hal_spi.o [6]
  .text              ro code   0x800'1f64          4    0xba  stm32h7xx_hal_i2c.o [6]
  .text              ro code   0x800'2020          4    0x80  stm32h7xx_hal_i2c_ex.o [6]
  .text              ro code   0x800'20a0          4    0xe0  app_threadx.o [3]
  .text              ro code   0x800'2180          4    0x50  stm32h7xx_hal_pwr_ex.o [6]
  .text              ro code   0x800'21d0          4   0x3e4  stm32h7xx_hal_rcc.o [6]
  .text              ro code   0x800'25b4          4    0x10  stm32h7xx_hal.o [6]
  .text              ro code   0x800'25c4          4    0x88  stm32h7xx_hal_timebase_tim.o [3]
  .text              ro code   0x800'264c          4   0x2e0  stm32h7xx_hal_msp.o [3]
  .text              ro code   0x800'292c          4    0x32  ABImemset48.o [9]
  .text              ro code   0x800'2960          4    0x74  txe_byte_allocate.o [5]
  .text              ro code   0x800'29d4          4   0x13c  txe_thread_create.o [5]
  .text              ro code   0x800'2b10          4    0x80  tx_thread_sleep.o [5]
  .text              ro code   0x800'2b90          4    0x44  tx_initialize_kernel_enter.o [5]
  .text              ro code   0x800'2bd4          4   0x35c  stm32h7xx_hal_tim.o [6]
  .text              ro code   0x800'2f30          4    0x12  ABImemset_small.o [9]
  .text              ro code   0x800'2f44          4    0xc0  tx_byte_allocate.o [5]
  .text              ro code   0x800'3004          4    0x44  tx_thread_system_preempt_check.o [5]
  .text              ro code   0x800'3048          4   0x128  tx_thread_create.o [5]
  .text              ro code   0x800'3170          4   0x144  tx_thread_system_suspend.o [5]
  .text              ro code   0x800'32b4          4    0x64  tx_initialize_low_level.o [3]
  .text              ro code   0x800'3318          4    0x2c  tx_initialize_high_level.o [5]
  .text              ro code   0x800'3344          4    0x40  app_azure_rtos.o [1]
  .text              ro code   0x800'3384          4    0xc0  tx_thread_schedule.o [5]
  .text              ro code   0x800'3444          2     0x2  stm32h7xx_hal_tim.o [6]
  .text              ro code   0x800'3446          2     0x2  stm32h7xx_hal_tim.o [6]
  .text              ro code   0x800'3448          2     0x2  stm32h7xx_hal_tim.o [6]
  .text              ro code   0x800'344a          2     0x2  stm32h7xx_hal_tim_ex.o [6]
  .text              ro code   0x800'344c          2     0x2  stm32h7xx_hal_tim_ex.o [6]
  .text              ro code   0x800'344e          2     0x2  stm32h7xx_hal_tim.o [6]
  .text              ro code   0x800'3450          2     0x2  stm32h7xx_hal_tim_ex.o [6]
  .text              ro code   0x800'3452          2     0x2  stm32h7xx_hal_tim.o [6]
  .text              ro code   0x800'3454          4    0xf4  tx_byte_pool_search.o [5]
  .text              ro code   0x800'3548          4    0x44  tx_thread_stack_build.o [5]
  .text              ro code   0x800'358c          4   0x118  tx_thread_system_resume.o [5]
  .text              ro code   0x800'36a4          4    0x60  tx_timer_system_activate.o [5]
  .text              ro code   0x800'3704          4    0xb8  tx_timer_interrupt.o [5]
  .text              ro code   0x800'37bc          4    0x38  tx_thread_initialize.o [5]
  .text              ro code   0x800'37f4          4    0x94  tx_timer_initialize.o [5]
  .text              ro code   0x800'3888          4    0xc8  txe_byte_pool_create.o [5]
  .text              ro code   0x800'3950          2    0x2c  tx_timer_system_deactivate.o [5]
  .text              ro code   0x800'397c          4    0x20  tx_timer_expiration_process.o [5]
  .text              ro code   0x800'399c          4    0x60  tx_thread_time_slice.o [5]
  .text              ro code   0x800'39fc          4    0x80  tx_byte_pool_create.o [5]
  .text              ro code   0x800'3a7c          4   0x108  tx_timer_thread_entry.o [5]
  .text              ro code   0x800'3b84          4    0xec  system_stm32h7xx.o [2]
  .text              ro code   0x800'3c70          4    0x7c  tx_byte_pool_cleanup.o [5]
  .text              ro code   0x800'3cec          4    0x54  tx_thread_shell_entry.o [5]
  .rodata            const     0x800'3d40          4    0x4c  stm32h7xx_hal_fdcan.o [6]
  .text              ro code   0x800'3d8c          2    0x38  zero_init3.o [9]
  .text              ro code   0x800'3dc4          4    0x34  tx_thread_timeout.o [5]
  .text              ro code   0x800'3df8          4    0x28  data_init.o [9]
  .text              ro code   0x800'3e20          4    0x22  fpinit_M.o [8]
  .text              ro code   0x800'3e44          4    0x22  cmain.o [9]
  .text              ro code   0x800'3e66          2     0x4  low_level_init.o [7]
  .text              ro code   0x800'3e6a          2     0x4  exit.o [7]
  .text              ro code   0x800'3e70          4     0x4  cexit.o [9]
  .text              ro code   0x800'3e74          4     0xa  cexit_2.o [9]
  .text              ro code   0x800'3e80          4    0x14  exit.o [10]
  .iar.init_table    const     0x800'3e94          4    0x24  - Linker created -
  .text              ro code   0x800'3eb8          4    0x1e  cstartup_M.o [9]
  .text              ro code   0x800'3ed8          4    0x18  startup_stm32h723xx.o [4]
  .text              ro code   0x800'3ef0          4    0x18  stm32h7xx_it.o [3]
  Initializer bytes  const     0x800'3f08          4    0x18  <for P2-1>
  .text              ro code   0x800'3f20          2     0x4  startup_stm32h723xx.o [4]
  .text              ro code   0x800'3f24          2     0x4  startup_stm32h723xx.o [4]
  .text              ro code   0x800'3f28          2     0x4  startup_stm32h723xx.o [4]
  .text              ro code   0x800'3f2c          2     0x4  startup_stm32h723xx.o [4]
  .text              ro code   0x800'3f30          2     0x4  startup_stm32h723xx.o [4]
  .text              ro code   0x800'3f34          2     0x4  startup_stm32h723xx.o [4]
  .text              ro code   0x800'3f38          2     0x4  startup_stm32h723xx.o [4]
  .text              ro code   0x800'3f3c          2     0x4  startup_stm32h723xx.o [4]
  .text              ro code   0x800'3f40          2     0x4  startup_stm32h723xx.o [4]
  .text              ro code   0x800'3f44          2     0x4  startup_stm32h723xx.o [4]
  .text              ro code   0x800'3f48          2     0x4  startup_stm32h723xx.o [4]
  .text              ro code   0x800'3f4c          2     0x4  startup_stm32h723xx.o [4]
  .text              ro code   0x800'3f50          2     0x4  startup_stm32h723xx.o [4]
  .text              ro code   0x800'3f54          2     0x4  startup_stm32h723xx.o [4]
  .text              ro code   0x800'3f58          2     0x4  startup_stm32h723xx.o [4]
  .text              ro code   0x800'3f5c          2     0x4  startup_stm32h723xx.o [4]
  .text              ro code   0x800'3f60          2     0x4  startup_stm32h723xx.o [4]
  .text              ro code   0x800'3f64          2     0x4  startup_stm32h723xx.o [4]
  .text              ro code   0x800'3f68          2     0x4  startup_stm32h723xx.o [4]
  .text              ro code   0x800'3f6c          2     0x4  startup_stm32h723xx.o [4]
  .text              ro code   0x800'3f70          2     0x4  startup_stm32h723xx.o [4]
  .text              ro code   0x800'3f74          2     0x4  startup_stm32h723xx.o [4]
  .text              ro code   0x800'3f78          2     0x4  startup_stm32h723xx.o [4]
  .text              ro code   0x800'3f7c          2     0x4  startup_stm32h723xx.o [4]
  .text              ro code   0x800'3f80          2     0x4  startup_stm32h723xx.o [4]
  .text              ro code   0x800'3f84          2     0x4  startup_stm32h723xx.o [4]
  .text              ro code   0x800'3f88          2     0x4  startup_stm32h723xx.o [4]
  .text              ro code   0x800'3f8c          2     0x4  startup_stm32h723xx.o [4]
  .text              ro code   0x800'3f90          2     0x4  startup_stm32h723xx.o [4]
  .text              ro code   0x800'3f94          2     0x4  startup_stm32h723xx.o [4]
  .text              ro code   0x800'3f98          2     0x4  startup_stm32h723xx.o [4]
  .text              ro code   0x800'3f9c          2     0x4  startup_stm32h723xx.o [4]
  .text              ro code   0x800'3fa0          2     0x4  startup_stm32h723xx.o [4]
  .text              ro code   0x800'3fa4          2     0x4  startup_stm32h723xx.o [4]
  .text              ro code   0x800'3fa8          2     0x4  startup_stm32h723xx.o [4]
  .text              ro code   0x800'3fac          2     0x4  startup_stm32h723xx.o [4]
  .text              ro code   0x800'3fb0          2     0x4  startup_stm32h723xx.o [4]
  .text              ro code   0x800'3fb4          2     0x4  startup_stm32h723xx.o [4]
  .text              ro code   0x800'3fb8          2     0x4  startup_stm32h723xx.o [4]
  .text              ro code   0x800'3fbc          2     0x4  startup_stm32h723xx.o [4]
  .text              ro code   0x800'3fc0          2     0x4  startup_stm32h723xx.o [4]
  .text              ro code   0x800'3fc4          2     0x4  startup_stm32h723xx.o [4]
  .text              ro code   0x800'3fc8          2     0x4  startup_stm32h723xx.o [4]
  .text              ro code   0x800'3fcc          2     0x4  startup_stm32h723xx.o [4]
  .text              ro code   0x800'3fd0          2     0x4  startup_stm32h723xx.o [4]
  .text              ro code   0x800'3fd4          2     0x4  startup_stm32h723xx.o [4]
  .text              ro code   0x800'3fd8          2     0x4  startup_stm32h723xx.o [4]
  .text              ro code   0x800'3fdc          2     0x4  startup_stm32h723xx.o [4]
  .text              ro code   0x800'3fe0          2     0x4  startup_stm32h723xx.o [4]
  .text              ro code   0x800'3fe4          2     0x4  startup_stm32h723xx.o [4]
  .text              ro code   0x800'3fe8          2     0x4  startup_stm32h723xx.o [4]
  .text              ro code   0x800'3fec          2     0x4  startup_stm32h723xx.o [4]
  .text              ro code   0x800'3ff0          2     0x4  startup_stm32h723xx.o [4]
  .text              ro code   0x800'3ff4          2     0x4  startup_stm32h723xx.o [4]
  .text              ro code   0x800'3ff8          2     0x4  startup_stm32h723xx.o [4]
  .text              ro code   0x800'3ffc          2     0x4  startup_stm32h723xx.o [4]
  .text              ro code   0x800'4000          2     0x4  startup_stm32h723xx.o [4]
  .text              ro code   0x800'4004          2     0x4  startup_stm32h723xx.o [4]
  .text              ro code   0x800'4008          2     0x4  startup_stm32h723xx.o [4]
  .text              ro code   0x800'400c          2     0x4  startup_stm32h723xx.o [4]
  .text              ro code   0x800'4010          2     0x4  startup_stm32h723xx.o [4]
  .text              ro code   0x800'4014          2     0x4  startup_stm32h723xx.o [4]
  .text              ro code   0x800'4018          2     0x4  startup_stm32h723xx.o [4]
  .text              ro code   0x800'401c          2     0x4  startup_stm32h723xx.o [4]
  .text              ro code   0x800'4020          2     0x4  startup_stm32h723xx.o [4]
  .text              ro code   0x800'4024          2     0x4  startup_stm32h723xx.o [4]
  .text              ro code   0x800'4028          2     0x4  startup_stm32h723xx.o [4]
  .text              ro code   0x800'402c          2     0x4  startup_stm32h723xx.o [4]
  .text              ro code   0x800'4030          2     0x4  startup_stm32h723xx.o [4]
  .text              ro code   0x800'4034          2     0x4  startup_stm32h723xx.o [4]
  .text              ro code   0x800'4038          2     0x4  startup_stm32h723xx.o [4]
  .text              ro code   0x800'403c          2     0x4  startup_stm32h723xx.o [4]
  .text              ro code   0x800'4040          2     0x4  startup_stm32h723xx.o [4]
  .text              ro code   0x800'4044          2     0x4  startup_stm32h723xx.o [4]
  .text              ro code   0x800'4048          2     0x4  startup_stm32h723xx.o [4]
  .text              ro code   0x800'404c          2     0x4  startup_stm32h723xx.o [4]
  .text              ro code   0x800'4050          2     0x4  startup_stm32h723xx.o [4]
  .text              ro code   0x800'4054          2     0x4  startup_stm32h723xx.o [4]
  .text              ro code   0x800'4058          2     0x4  startup_stm32h723xx.o [4]
  .text              ro code   0x800'405c          2     0x4  startup_stm32h723xx.o [4]
  .text              ro code   0x800'4060          2     0x4  startup_stm32h723xx.o [4]
  .text              ro code   0x800'4064          2     0x4  startup_stm32h723xx.o [4]
  .text              ro code   0x800'4068          2     0x4  startup_stm32h723xx.o [4]
  .text              ro code   0x800'406c          2     0x4  startup_stm32h723xx.o [4]
  .text              ro code   0x800'4070          2     0x4  startup_stm32h723xx.o [4]
  .text              ro code   0x800'4074          2     0x4  startup_stm32h723xx.o [4]
  .text              ro code   0x800'4078          2     0x4  startup_stm32h723xx.o [4]
  .text              ro code   0x800'407c          2     0x4  startup_stm32h723xx.o [4]
  .text              ro code   0x800'4080          2     0x4  startup_stm32h723xx.o [4]
  .text              ro code   0x800'4084          2     0x4  startup_stm32h723xx.o [4]
  .text              ro code   0x800'4088          2     0x4  startup_stm32h723xx.o [4]
  .text              ro code   0x800'408c          2     0x4  startup_stm32h723xx.o [4]
  .text              ro code   0x800'4090          2     0x4  startup_stm32h723xx.o [4]
  .text              ro code   0x800'4094          2     0x4  startup_stm32h723xx.o [4]
  .text              ro code   0x800'4098          2     0x4  startup_stm32h723xx.o [4]
  .text              ro code   0x800'409c          2     0x4  startup_stm32h723xx.o [4]
  .text              ro code   0x800'40a0          2     0x4  startup_stm32h723xx.o [4]
  .text              ro code   0x800'40a4          2     0x4  startup_stm32h723xx.o [4]
  .text              ro code   0x800'40a8          2     0x4  startup_stm32h723xx.o [4]
  .text              ro code   0x800'40ac          2     0x4  startup_stm32h723xx.o [4]
  .text              ro code   0x800'40b0          2     0x4  startup_stm32h723xx.o [4]
  .text              ro code   0x800'40b4          2     0x4  startup_stm32h723xx.o [4]
  .text              ro code   0x800'40b8          2     0x4  startup_stm32h723xx.o [4]
  .text              ro code   0x800'40bc          2     0x4  startup_stm32h723xx.o [4]
  .text              ro code   0x800'40c0          2     0x4  startup_stm32h723xx.o [4]
  .text              ro code   0x800'40c4          2     0x4  startup_stm32h723xx.o [4]
  .text              ro code   0x800'40c8          2     0x4  startup_stm32h723xx.o [4]
  .text              ro code   0x800'40cc          2     0x4  startup_stm32h723xx.o [4]
  .text              ro code   0x800'40d0          2     0x4  startup_stm32h723xx.o [4]
  .text              ro code   0x800'40d4          2     0x4  startup_stm32h723xx.o [4]
  .text              ro code   0x800'40d8          2     0x4  startup_stm32h723xx.o [4]
  .text              ro code   0x800'40dc          2     0x4  startup_stm32h723xx.o [4]
  .text              ro code   0x800'40e0          2     0x4  startup_stm32h723xx.o [4]
  .text              ro code   0x800'40e4          2     0x4  startup_stm32h723xx.o [4]
  .text              ro code   0x800'40e8          2     0x4  startup_stm32h723xx.o [4]
  .text              ro code   0x800'40ec          2     0x4  startup_stm32h723xx.o [4]
  .text              ro code   0x800'40f0          2     0x4  startup_stm32h723xx.o [4]
  .text              ro code   0x800'40f4          2     0x4  startup_stm32h723xx.o [4]
  .text              ro code   0x800'40f8          2     0x4  startup_stm32h723xx.o [4]
  .text              ro code   0x800'40fc          2     0x4  startup_stm32h723xx.o [4]
  .text              ro code   0x800'4100          2     0x4  startup_stm32h723xx.o [4]
  .text              ro code   0x800'4104          2     0x4  startup_stm32h723xx.o [4]
  .text              ro code   0x800'4108          2     0x4  startup_stm32h723xx.o [4]
  .text              ro code   0x800'410c          2     0x4  startup_stm32h723xx.o [4]
  .text              ro code   0x800'4110          2     0x4  startup_stm32h723xx.o [4]
  .text              ro code   0x800'4114          2     0x4  startup_stm32h723xx.o [4]
  .text              ro code   0x800'4118          2     0x4  startup_stm32h723xx.o [4]
  .text              ro code   0x800'411c          2     0x4  startup_stm32h723xx.o [4]
  .text              ro code   0x800'4120          2     0x4  startup_stm32h723xx.o [4]
  .text              ro code   0x800'4124          2     0x4  startup_stm32h723xx.o [4]
  .text              ro code   0x800'4128          2     0x4  startup_stm32h723xx.o [4]
  .text              ro code   0x800'412c          2     0x4  startup_stm32h723xx.o [4]
  .text              ro code   0x800'4130          2     0x4  startup_stm32h723xx.o [4]
  .text              ro code   0x800'4134          2     0x4  startup_stm32h723xx.o [4]
  .text              ro code   0x800'4138          2     0x4  startup_stm32h723xx.o [4]
  .text              ro code   0x800'413c          2     0x4  startup_stm32h723xx.o [4]
  .text              ro code   0x800'4140          2     0x4  startup_stm32h723xx.o [4]
  .rodata            const     0x800'4144                0x0  zero_init3.o [9]
  .rodata            const     0x800'4144                0x0  copy_init3.o [9]
                             - 0x800'4144             0x3e78

"P2", part 1 of 3:                                      0x18
  P2-1                        0x2000'0000          4    0x18  <Init block>
    .data            inited   0x2000'0000          4     0xc  stm32h7xx_hal.o [6]
    .data            inited   0x2000'000c          4     0x8  system_stm32h7xx.o [2]
    .data            inited   0x2000'0014          4     0x4  tx_thread_initialize.o [5]
                            - 0x2000'0018               0x18

"P2", part 2 of 3:                                    0x2b4c
  .bss               zero     0x2000'0018          4  0x2034  app_azure_rtos.o [1]
  .bss               zero     0x2000'204c          4   0x564  tx_timer_initialize.o [5]
  .bss               zero     0x2000'25b0          4   0x324  main.o [3]
  .bss               zero     0x2000'28d4          4   0x164  app_threadx.o [3]
  .bss               zero     0x2000'2a38          4    0xa4  tx_thread_initialize.o [5]
  .bss               zero     0x2000'2adc          4    0x4c  stm32h7xx_hal_timebase_tim.o [3]
  .bss               zero     0x2000'2b28          4    0x30  tx_initialize_high_level.o [5]
  .bss               zero     0x2000'2b58          4     0x4  stm32h7xx_hal_msp.o [3]
  .bss               zero     0x2000'2b5c          4     0x4  tx_initialize_high_level.o [5]
  .bss               zero     0x2000'2b60          4     0x4  tx_thread_initialize.o [5]
                            - 0x2000'2b64             0x2b4c

"P2", part 3 of 3:                                     0x400
  CSTACK                      0x2000'2b68          8   0x400  <Block>
    CSTACK           uninit   0x2000'2b68              0x400  <Block tail>
                            - 0x2000'2f68              0x400

Unused ranges:

         From           To      Size
         ----           --      ----
   0x800'4144   0x80f'ffff  0xf'bebc
  0x2000'2b64  0x2000'2b67       0x4
  0x2000'2f68  0x2001'ffff  0x1'd098


*******************************************************************************
*** INIT TABLE
***

          Address      Size
          -------      ----
Zero (__iar_zero_init3)
    1 destination range, total size 0x2b4c:
          0x2000'0018  0x2b4c

Copy (__iar_copy_init3)
    1 source range, total size 0x18:
           0x800'3f08    0x18
    1 destination range, total size 0x18:
          0x2000'0000    0x18



*******************************************************************************
*** MODULE SUMMARY
***

    Module                            ro code  ro data  rw data
    ------                            -------  -------  -------
command line/config:
    -----------------------------------------------------------
    Total:

D:\ws_STM32\STM32H723ZGT6_AzureRTOS_IAR\EWARM\STM32H723ZGT6_AzureRTOS_IAR\Obj\App_15308281552909585961.dir: [1]
    app_azure_rtos.o                       64             8'244
    -----------------------------------------------------------
    Total:                                 64             8'244

D:\ws_STM32\STM32H723ZGT6_AzureRTOS_IAR\EWARM\STM32H723ZGT6_AzureRTOS_IAR\Obj\CMSIS_6603591812247902717.dir: [2]
    system_stm32h7xx.o                    236        8        8
    -----------------------------------------------------------
    Total:                                236        8        8

D:\ws_STM32\STM32H723ZGT6_AzureRTOS_IAR\EWARM\STM32H723ZGT6_AzureRTOS_IAR\Obj\Core_13247989168731456611.dir: [3]
    app_threadx.o                         224               356
    main.o                              1'104               804
    stm32h7xx_hal_msp.o                   736                 4
    stm32h7xx_hal_timebase_tim.o          136                76
    stm32h7xx_it.o                         24
    tx_initialize_low_level.o             100
    -----------------------------------------------------------
    Total:                              2'324             1'240

D:\ws_STM32\STM32H723ZGT6_AzureRTOS_IAR\EWARM\STM32H723ZGT6_AzureRTOS_IAR\Obj\EWARM_18443280873093131863.dir: [4]
    startup_stm32h723xx.o               1'288
    -----------------------------------------------------------
    Total:                              1'288

D:\ws_STM32\STM32H723ZGT6_AzureRTOS_IAR\EWARM\STM32H723ZGT6_AzureRTOS_IAR\Obj\RTOS\ThreadX\Core_3420850151075944117.dir: [5]
    tx_byte_allocate.o                    192
    tx_byte_pool_cleanup.o                124
    tx_byte_pool_create.o                 128
    tx_byte_pool_search.o                 244
    tx_initialize_high_level.o             44                52
    tx_initialize_kernel_enter.o           68
    tx_thread_create.o                    296
    tx_thread_initialize.o                 56        4      172
    tx_thread_schedule.o                  192
    tx_thread_shell_entry.o                84
    tx_thread_sleep.o                     128
    tx_thread_stack_build.o                68
    tx_thread_system_preempt_check.o       68
    tx_thread_system_resume.o             280
    tx_thread_system_suspend.o            324
    tx_thread_time_slice.o                 96
    tx_thread_timeout.o                    52
    tx_timer_expiration_process.o          32
    tx_timer_initialize.o                 148             1'380
    tx_timer_interrupt.o                  184
    tx_timer_system_activate.o             96
    tx_timer_system_deactivate.o           44
    tx_timer_thread_entry.o               264
    txe_byte_allocate.o                   116
    txe_byte_pool_create.o                200
    txe_thread_create.o                   316
    -----------------------------------------------------------
    Total:                              3'844        4    1'604

D:\ws_STM32\STM32H723ZGT6_AzureRTOS_IAR\EWARM\STM32H723ZGT6_AzureRTOS_IAR\Obj\STM32H7xx_HAL_Driver_12323373487323971647.dir: [6]
    stm32h7xx_hal.o                       120       12       12
    stm32h7xx_hal_cortex.o                272
    stm32h7xx_hal_dac.o                   376
    stm32h7xx_hal_fdcan.o                 984       76
    stm32h7xx_hal_gpio.o                  520
    stm32h7xx_hal_i2c.o                   186
    stm32h7xx_hal_i2c_ex.o                128
    stm32h7xx_hal_pwr_ex.o                 80
    stm32h7xx_hal_rcc.o                 2'164
    stm32h7xx_hal_rcc_ex.o              2'392
    stm32h7xx_hal_spi.o                   352
    stm32h7xx_hal_tim.o                   870
    stm32h7xx_hal_tim_ex.o                  6
    -----------------------------------------------------------
    Total:                              8'450       88       12

dl7M_tlf.a: [7]
    exit.o                                  4
    low_level_init.o                        4
    -----------------------------------------------------------
    Total:                                  8

m7M_tlv.a: [8]
    fpinit_M.o                             34
    -----------------------------------------------------------
    Total:                                 34

rt7M_tl.a: [9]
    ABImemclr4.o                            6
    ABImemset48.o                          50
    ABImemset_small.o                      18
    cexit.o                                 4
    cexit_2.o                              10
    cmain.o                                34
    copy_init3.o                           42
    cstartup_M.o                           30
    data_init.o                            40
    zero_init3.o                           56
    -----------------------------------------------------------
    Total:                                290

shb_l.a: [10]
    exit.o                                 20
    -----------------------------------------------------------
    Total:                                 20

    Gaps                                   14
    Linker created                                  36    1'024
---------------------------------------------------------------
    Grand Total:                       16'572      136   12'132


*******************************************************************************
*** ENTRY LIST
***

Entry                       Address    Size  Type      Object
-----                       -------    ----  ----      ------
.iar.init_table$$Base    0x800'3e94           --   Gb  - Linker created -
.iar.init_table$$Limit   0x800'3eb8           --   Gb  - Linker created -
?main                    0x800'3e45          Code  Gb  cmain.o [9]
ADC3_IRQHandler          0x800'40c9          Code  Wk  startup_stm32h723xx.o [4]
ADC_IRQHandler           0x800'3f6d          Code  Wk  startup_stm32h723xx.o [4]
App_ThreadX_Init         0x800'20a1    0x86  Code  Gb  app_threadx.o [3]
BDMA_Channel0_IRQHandler
                         0x800'40d1          Code  Wk  startup_stm32h723xx.o [4]
BDMA_Channel1_IRQHandler
                         0x800'40d5          Code  Wk  startup_stm32h723xx.o [4]
BDMA_Channel2_IRQHandler
                         0x800'40d9          Code  Wk  startup_stm32h723xx.o [4]
BDMA_Channel3_IRQHandler
                         0x800'40dd          Code  Wk  startup_stm32h723xx.o [4]
BDMA_Channel4_IRQHandler
                         0x800'40e1          Code  Wk  startup_stm32h723xx.o [4]
BDMA_Channel5_IRQHandler
                         0x800'40e5          Code  Wk  startup_stm32h723xx.o [4]
BDMA_Channel6_IRQHandler
                         0x800'40e9          Code  Wk  startup_stm32h723xx.o [4]
BDMA_Channel7_IRQHandler
                         0x800'40ed          Code  Wk  startup_stm32h723xx.o [4]
BusFault_Handler         0x800'3ef7     0x2  Code  Gb  stm32h7xx_it.o [3]
CEC_IRQHandler           0x800'4081          Code  Wk  startup_stm32h723xx.o [4]
COMP1_IRQHandler         0x800'40f1          Code  Wk  startup_stm32h723xx.o [4]
CORDIC_IRQHandler        0x800'4125          Code  Wk  startup_stm32h723xx.o [4]
CRS_IRQHandler           0x800'4109          Code  Wk  startup_stm32h723xx.o [4]
CSTACK$$Base            0x2000'2b68           --   Gb  - Linker created -
CSTACK$$Limit           0x2000'2f68           --   Gb  - Linker created -
D1CorePrescTable         0x800'3c60    0x10  Data  Gb  system_stm32h7xx.o [2]
DCMI_PSSI_IRQHandler     0x800'4049          Code  Wk  startup_stm32h723xx.o [4]
DFSDM1_FLT0_IRQHandler   0x800'4095          Code  Wk  startup_stm32h723xx.o [4]
DFSDM1_FLT1_IRQHandler   0x800'4099          Code  Wk  startup_stm32h723xx.o [4]
DFSDM1_FLT2_IRQHandler   0x800'409d          Code  Wk  startup_stm32h723xx.o [4]
DFSDM1_FLT3_IRQHandler   0x800'40a1          Code  Wk  startup_stm32h723xx.o [4]
DMA1_Stream0_IRQHandler
                         0x800'3f51          Code  Wk  startup_stm32h723xx.o [4]
DMA1_Stream1_IRQHandler
                         0x800'3f55          Code  Wk  startup_stm32h723xx.o [4]
DMA1_Stream2_IRQHandler
                         0x800'3f59          Code  Wk  startup_stm32h723xx.o [4]
DMA1_Stream3_IRQHandler
                         0x800'3f5d          Code  Wk  startup_stm32h723xx.o [4]
DMA1_Stream4_IRQHandler
                         0x800'3f61          Code  Wk  startup_stm32h723xx.o [4]
DMA1_Stream5_IRQHandler
                         0x800'3f65          Code  Wk  startup_stm32h723xx.o [4]
DMA1_Stream6_IRQHandler
                         0x800'3f69          Code  Wk  startup_stm32h723xx.o [4]
DMA1_Stream7_IRQHandler
                         0x800'3fdd          Code  Wk  startup_stm32h723xx.o [4]
DMA2D_IRQHandler         0x800'4075          Code  Wk  startup_stm32h723xx.o [4]
DMA2_Stream0_IRQHandler
                         0x800'4001          Code  Wk  startup_stm32h723xx.o [4]
DMA2_Stream1_IRQHandler
                         0x800'4005          Code  Wk  startup_stm32h723xx.o [4]
DMA2_Stream2_IRQHandler
                         0x800'4009          Code  Wk  startup_stm32h723xx.o [4]
DMA2_Stream3_IRQHandler
                         0x800'400d          Code  Wk  startup_stm32h723xx.o [4]
DMA2_Stream4_IRQHandler
                         0x800'4011          Code  Wk  startup_stm32h723xx.o [4]
DMA2_Stream5_IRQHandler
                         0x800'4021          Code  Wk  startup_stm32h723xx.o [4]
DMA2_Stream6_IRQHandler
                         0x800'4025          Code  Wk  startup_stm32h723xx.o [4]
DMA2_Stream7_IRQHandler
                         0x800'4029          Code  Wk  startup_stm32h723xx.o [4]
DMAMUX1_OVR_IRQHandler   0x800'4091          Code  Wk  startup_stm32h723xx.o [4]
DMAMUX2_OVR_IRQHandler   0x800'40cd          Code  Wk  startup_stm32h723xx.o [4]
DTS_IRQHandler           0x800'4115          Code  Wk  startup_stm32h723xx.o [4]
DebugMon_Handler         0x800'3efb     0x2  Code  Gb  stm32h7xx_it.o [3]
ECC_IRQHandler           0x800'410d          Code  Wk  startup_stm32h723xx.o [4]
ETH_IRQHandler           0x800'4015          Code  Wk  startup_stm32h723xx.o [4]
ETH_WKUP_IRQHandler      0x800'4019          Code  Wk  startup_stm32h723xx.o [4]
EXTI0_IRQHandler         0x800'3f3d          Code  Wk  startup_stm32h723xx.o [4]
EXTI15_10_IRQHandler     0x800'3fc5          Code  Wk  startup_stm32h723xx.o [4]
EXTI1_IRQHandler         0x800'3f41          Code  Wk  startup_stm32h723xx.o [4]
EXTI2_IRQHandler         0x800'3f45          Code  Wk  startup_stm32h723xx.o [4]
EXTI3_IRQHandler         0x800'3f49          Code  Wk  startup_stm32h723xx.o [4]
EXTI4_IRQHandler         0x800'3f4d          Code  Wk  startup_stm32h723xx.o [4]
EXTI9_5_IRQHandler       0x800'3f81          Code  Wk  startup_stm32h723xx.o [4]
Error_Handler            0x800'150d     0x4  Code  Gb  main.o [3]
ExitRun0Mode             0x800'3c25    0x12  Code  Gb  system_stm32h7xx.o [2]
FDCAN1_IT0_IRQHandler    0x800'3f71          Code  Wk  startup_stm32h723xx.o [4]
FDCAN1_IT1_IRQHandler    0x800'3f79          Code  Wk  startup_stm32h723xx.o [4]
FDCAN2_IT0_IRQHandler    0x800'3f75          Code  Wk  startup_stm32h723xx.o [4]
FDCAN2_IT1_IRQHandler    0x800'3f7d          Code  Wk  startup_stm32h723xx.o [4]
FDCAN3_IT0_IRQHandler    0x800'4139          Code  Wk  startup_stm32h723xx.o [4]
FDCAN3_IT1_IRQHandler    0x800'413d          Code  Wk  startup_stm32h723xx.o [4]
FDCAN_CAL_IRQHandler     0x800'401d          Code  Wk  startup_stm32h723xx.o [4]
FLASH_IRQHandler         0x800'3f35          Code  Wk  startup_stm32h723xx.o [4]
FMAC_IRQHandler          0x800'4121          Code  Wk  startup_stm32h723xx.o [4]
FMC_IRQHandler           0x800'3fe1          Code  Wk  startup_stm32h723xx.o [4]
FPU_IRQHandler           0x800'4051          Code  Wk  startup_stm32h723xx.o [4]
HAL_DAC_ConfigChannel    0x800'1cb5   0x14c  Code  Gb  stm32h7xx_hal_dac.o [6]
HAL_DAC_Init             0x800'1c8d    0x28  Code  Gb  stm32h7xx_hal_dac.o [6]
HAL_DAC_MspInit          0x800'2669    0x52  Code  Gb  stm32h7xx_hal_msp.o [3]
HAL_FDCAN_Init           0x800'18b5   0x394  Code  Gb  stm32h7xx_hal_fdcan.o [6]
HAL_FDCAN_Init::CvtEltSize
                         0x800'3d40    0x4c  Data  Lc  stm32h7xx_hal_fdcan.o [6]
HAL_FDCAN_MspInit        0x800'26bb    0xea  Code  Gb  stm32h7xx_hal_msp.o [3]
HAL_GPIO_Init            0x800'16ad   0x1c0  Code  Gb  stm32h7xx_hal_gpio.o [6]
HAL_GPIO_TogglePin       0x800'1875    0x10  Code  Gb  stm32h7xx_hal_gpio.o [6]
HAL_GPIO_WritePin        0x800'186d     0x8  Code  Gb  stm32h7xx_hal_gpio.o [6]
HAL_GetTick              0x800'0c25     0xc  Code  Wk  stm32h7xx_hal.o [6]
HAL_I2CEx_ConfigAnalogFilter
                         0x800'2021    0x2c  Code  Gb  stm32h7xx_hal_i2c_ex.o [6]
HAL_I2CEx_ConfigDigitalFilter
                         0x800'204d    0x28  Code  Gb  stm32h7xx_hal_i2c_ex.o [6]
HAL_I2C_Init             0x800'1f65    0xaa  Code  Gb  stm32h7xx_hal_i2c.o [6]
HAL_I2C_MspInit          0x800'27a5    0x98  Code  Gb  stm32h7xx_hal_msp.o [3]
HAL_IncTick              0x800'25b5    0x10  Code  Wk  stm32h7xx_hal.o [6]
HAL_Init                 0x800'1621    0x4a  Code  Gb  stm32h7xx_hal.o [6]
HAL_InitTick             0x800'25c5    0x72  Code  Gb  stm32h7xx_hal_timebase_tim.o [3]
HAL_MPU_ConfigRegion     0x800'15bd    0x4a  Code  Gb  stm32h7xx_hal_cortex.o [6]
HAL_MPU_Disable          0x800'158f    0x14  Code  Gb  stm32h7xx_hal_cortex.o [6]
HAL_MPU_Enable           0x800'15a3    0x1a  Code  Gb  stm32h7xx_hal_cortex.o [6]
HAL_MspInit              0x800'264d    0x1c  Code  Gb  stm32h7xx_hal_msp.o [3]
HAL_NVIC_EnableIRQ       0x800'1579    0x16  Code  Gb  stm32h7xx_hal_cortex.o [6]
HAL_NVIC_SetPriority     0x800'153f    0x3a  Code  Gb  stm32h7xx_hal_cortex.o [6]
HAL_NVIC_SetPriorityGrouping
                         0x800'152b    0x14  Code  Gb  stm32h7xx_hal_cortex.o [6]
HAL_PWREx_ConfigSupply   0x800'2181    0x40  Code  Gb  stm32h7xx_hal_pwr_ex.o [6]
HAL_RCCEx_PeriphCLKConfig
                         0x800'02cd   0x76c  Code  Gb  stm32h7xx_hal_rcc_ex.o [6]
HAL_RCC_ClockConfig      0x800'21d1   0x1bc  Code  Gb  stm32h7xx_hal_rcc.o [6]
HAL_RCC_FDCAN_CLK_ENABLED
                        0x2000'2b58     0x4  Data  Lc  stm32h7xx_hal_msp.o [3]
HAL_RCC_GetClockConfig   0x800'2527    0x4c  Code  Gb  stm32h7xx_hal_rcc.o [6]
HAL_RCC_GetHCLKFreq      0x800'24d7    0x30  Code  Gb  stm32h7xx_hal_rcc.o [6]
HAL_RCC_GetPCLK2Freq     0x800'2507     0xe  Code  Gb  stm32h7xx_hal_rcc.o [6]
HAL_RCC_GetSysClockFreq
                         0x800'23d9    0xf0  Code  Gb  stm32h7xx_hal_rcc.o [6]
HAL_RCC_OscConfig        0x800'0c31   0x490  Code  Wk  stm32h7xx_hal_rcc.o [6]
HAL_SPI_Init             0x800'1e05   0x154  Code  Gb  stm32h7xx_hal_spi.o [6]
HAL_SPI_MspInit          0x800'286b    0x72  Code  Gb  stm32h7xx_hal_msp.o [3]
HAL_TIMEx_Break2Callback
                         0x800'344d     0x2  Code  Wk  stm32h7xx_hal_tim_ex.o [6]
HAL_TIMEx_BreakCallback
                         0x800'344b     0x2  Code  Wk  stm32h7xx_hal_tim_ex.o [6]
HAL_TIMEx_CommutCallback
                         0x800'3451     0x2  Code  Wk  stm32h7xx_hal_tim_ex.o [6]
HAL_TIM_Base_Init        0x800'2bd5    0x1a  Code  Gb  stm32h7xx_hal_tim.o [6]
HAL_TIM_Base_MspInit     0x800'3445     0x2  Code  Wk  stm32h7xx_hal_tim.o [6]
HAL_TIM_Base_Start_IT    0x800'2bef    0x90  Code  Gb  stm32h7xx_hal_tim.o [6]
HAL_TIM_IC_CaptureCallback
                         0x800'3447     0x2  Code  Wk  stm32h7xx_hal_tim.o [6]
HAL_TIM_IRQHandler       0x800'2d01   0x142  Code  Gb  stm32h7xx_hal_tim.o [6]
HAL_TIM_OC_DelayElapsedCallback
                         0x800'3449     0x2  Code  Wk  stm32h7xx_hal_tim.o [6]
HAL_TIM_PWM_PulseFinishedCallback
                         0x800'3453     0x2  Code  Wk  stm32h7xx_hal_tim.o [6]
HAL_TIM_PeriodElapsedCallback
                         0x800'14c7     0xe  Code  Gb  main.o [3]
HAL_TIM_TriggerCallback
                         0x800'344f     0x2  Code  Wk  stm32h7xx_hal_tim.o [6]
HSEM1_IRQHandler         0x800'40c5          Code  Wk  startup_stm32h723xx.o [4]
HardFault_Handler        0x800'3ef3     0x2  Code  Gb  stm32h7xx_it.o [3]
I2C1_ER_IRQHandler       0x800'3fa5          Code  Wk  startup_stm32h723xx.o [4]
I2C1_EV_IRQHandler       0x800'3fa1          Code  Wk  startup_stm32h723xx.o [4]
I2C2_ER_IRQHandler       0x800'3fad          Code  Wk  startup_stm32h723xx.o [4]
I2C2_EV_IRQHandler       0x800'3fa9          Code  Wk  startup_stm32h723xx.o [4]
I2C3_ER_IRQHandler       0x800'4035          Code  Wk  startup_stm32h723xx.o [4]
I2C3_EV_IRQHandler       0x800'4031          Code  Wk  startup_stm32h723xx.o [4]
I2C4_ER_IRQHandler       0x800'4089          Code  Wk  startup_stm32h723xx.o [4]
I2C4_EV_IRQHandler       0x800'4085          Code  Wk  startup_stm32h723xx.o [4]
I2C5_ER_IRQHandler       0x800'4135          Code  Wk  startup_stm32h723xx.o [4]
I2C5_EV_IRQHandler       0x800'4131          Code  Wk  startup_stm32h723xx.o [4]
LPTIM1_IRQHandler        0x800'407d          Code  Wk  startup_stm32h723xx.o [4]
LPTIM2_IRQHandler        0x800'40f5          Code  Wk  startup_stm32h723xx.o [4]
LPTIM3_IRQHandler        0x800'40f9          Code  Wk  startup_stm32h723xx.o [4]
LPTIM4_IRQHandler        0x800'40fd          Code  Wk  startup_stm32h723xx.o [4]
LPTIM5_IRQHandler        0x800'4101          Code  Wk  startup_stm32h723xx.o [4]
LPUART1_IRQHandler       0x800'4105          Code  Wk  startup_stm32h723xx.o [4]
LTDC_ER_IRQHandler       0x800'4071          Code  Wk  startup_stm32h723xx.o [4]
LTDC_IRQHandler          0x800'406d          Code  Wk  startup_stm32h723xx.o [4]
MDIOS_IRQHandler         0x800'40b9          Code  Wk  startup_stm32h723xx.o [4]
MDIOS_WKUP_IRQHandler    0x800'40b5          Code  Wk  startup_stm32h723xx.o [4]
MDMA_IRQHandler          0x800'40bd          Code  Wk  startup_stm32h723xx.o [4]
MX_ThreadX_Init          0x800'213d     0x4  Code  Gb  app_threadx.o [3]
MemManage_Handler        0x800'3ef5     0x2  Code  Gb  stm32h7xx_it.o [3]
NMI_Handler              0x800'3ef1     0x2  Code  Gb  stm32h7xx_it.o [3]
OCTOSPI1_IRQHandler      0x800'4079          Code  Wk  startup_stm32h723xx.o [4]
OCTOSPI2_IRQHandler      0x800'411d          Code  Wk  startup_stm32h723xx.o [4]
OTG_HS_EP1_IN_IRQHandler
                         0x800'403d          Code  Wk  startup_stm32h723xx.o [4]
OTG_HS_EP1_OUT_IRQHandler
                         0x800'4039          Code  Wk  startup_stm32h723xx.o [4]
OTG_HS_IRQHandler        0x800'4045          Code  Wk  startup_stm32h723xx.o [4]
OTG_HS_WKUP_IRQHandler   0x800'4041          Code  Wk  startup_stm32h723xx.o [4]
PVD_AVD_IRQHandler       0x800'3f29          Code  Wk  startup_stm32h723xx.o [4]
PendSV_Handler           0x800'33b1          Code  Gb  tx_thread_schedule.o [5]
PeriphCommonClock_Config
                         0x800'1483    0x44  Code  Gb  main.o [3]
RCCEx_PLL2_Config        0x800'0a6d    0xb0  Code  Lc  stm32h7xx_hal_rcc_ex.o [6]
RCCEx_PLL3_Config        0x800'0b1d    0xb0  Code  Lc  stm32h7xx_hal_rcc_ex.o [6]
RCC_IRQHandler           0x800'3f39          Code  Wk  startup_stm32h723xx.o [4]
RNG_IRQHandler           0x800'404d          Code  Wk  startup_stm32h723xx.o [4]
RTC_Alarm_IRQHandler     0x800'3fc9          Code  Wk  startup_stm32h723xx.o [4]
RTC_WKUP_IRQHandler      0x800'3f31          Code  Wk  startup_stm32h723xx.o [4]
Region$$Table$$Base      0x800'3e94           --   Gb  - Linker created -
Region$$Table$$Limit     0x800'3eb8           --   Gb  - Linker created -
Reset_Handler            0x800'3ed9          Code  Wk  startup_stm32h723xx.o [4]
SAI1_IRQHandler          0x800'4069          Code  Wk  startup_stm32h723xx.o [4]
SAI4_IRQHandler          0x800'4111          Code  Wk  startup_stm32h723xx.o [4]
SDMMC1_IRQHandler        0x800'3fe5          Code  Wk  startup_stm32h723xx.o [4]
SDMMC2_IRQHandler        0x800'40c1          Code  Wk  startup_stm32h723xx.o [4]
SPDIF_RX_IRQHandler      0x800'408d          Code  Wk  startup_stm32h723xx.o [4]
SPI1_IRQHandler          0x800'3fb1          Code  Wk  startup_stm32h723xx.o [4]
SPI2_IRQHandler          0x800'3fb5          Code  Wk  startup_stm32h723xx.o [4]
SPI3_IRQHandler          0x800'3fed          Code  Wk  startup_stm32h723xx.o [4]
SPI4_IRQHandler          0x800'405d          Code  Wk  startup_stm32h723xx.o [4]
SPI5_IRQHandler          0x800'4061          Code  Wk  startup_stm32h723xx.o [4]
SPI6_IRQHandler          0x800'4065          Code  Wk  startup_stm32h723xx.o [4]
SVC_Handler              0x800'3f21          Code  Wk  startup_stm32h723xx.o [4]
SWPMI1_IRQHandler        0x800'40a5          Code  Wk  startup_stm32h723xx.o [4]
SysTick_Handler          0x800'32f5          Code  Gb  tx_initialize_low_level.o [3]
SystemClock_Config       0x800'13e7    0x9c  Code  Gb  main.o [3]
SystemCoreClock         0x2000'000c     0x4  Data  Gb  system_stm32h7xx.o [2]
SystemD2Clock           0x2000'0010     0x4  Data  Gb  system_stm32h7xx.o [2]
SystemInit               0x800'3b85    0x9e  Code  Gb  system_stm32h7xx.o [2]
TAMP_STAMP_IRQHandler    0x800'3f2d          Code  Wk  startup_stm32h723xx.o [4]
TIM15_IRQHandler         0x800'40a9          Code  Wk  startup_stm32h723xx.o [4]
TIM16_IRQHandler         0x800'40ad          Code  Wk  startup_stm32h723xx.o [4]
TIM17_IRQHandler         0x800'40b1          Code  Wk  startup_stm32h723xx.o [4]
TIM1_BRK_IRQHandler      0x800'3f85          Code  Wk  startup_stm32h723xx.o [4]
TIM1_CC_IRQHandler       0x800'3f91          Code  Wk  startup_stm32h723xx.o [4]
TIM1_TRG_COM_IRQHandler
                         0x800'3f8d          Code  Wk  startup_stm32h723xx.o [4]
TIM1_UP_IRQHandler       0x800'3f89          Code  Wk  startup_stm32h723xx.o [4]
TIM23_IRQHandler         0x800'3efd     0x6  Code  Gb  stm32h7xx_it.o [3]
TIM24_IRQHandler         0x800'4141          Code  Wk  startup_stm32h723xx.o [4]
TIM2_IRQHandler          0x800'3f95          Code  Wk  startup_stm32h723xx.o [4]
TIM3_IRQHandler          0x800'3f99          Code  Wk  startup_stm32h723xx.o [4]
TIM4_IRQHandler          0x800'3f9d          Code  Wk  startup_stm32h723xx.o [4]
TIM5_IRQHandler          0x800'3fe9          Code  Wk  startup_stm32h723xx.o [4]
TIM6_DAC_IRQHandler      0x800'3ff9          Code  Wk  startup_stm32h723xx.o [4]
TIM7_IRQHandler          0x800'3ffd          Code  Wk  startup_stm32h723xx.o [4]
TIM8_BRK_TIM12_IRQHandler
                         0x800'3fcd          Code  Wk  startup_stm32h723xx.o [4]
TIM8_CC_IRQHandler       0x800'3fd9          Code  Wk  startup_stm32h723xx.o [4]
TIM8_TRG_COM_TIM14_IRQHandler
                         0x800'3fd5          Code  Wk  startup_stm32h723xx.o [4]
TIM8_UP_TIM13_IRQHandler
                         0x800'3fd1          Code  Wk  startup_stm32h723xx.o [4]
TIM_Base_SetConfig       0x800'2e49    0xc0  Code  Gb  stm32h7xx_hal_tim.o [6]
UART4_IRQHandler         0x800'3ff1          Code  Wk  startup_stm32h723xx.o [4]
UART5_IRQHandler         0x800'3ff5          Code  Wk  startup_stm32h723xx.o [4]
UART7_IRQHandler         0x800'4055          Code  Wk  startup_stm32h723xx.o [4]
UART8_IRQHandler         0x800'4059          Code  Wk  startup_stm32h723xx.o [4]
UART9_IRQHandler         0x800'4129          Code  Wk  startup_stm32h723xx.o [4]
USART10_IRQHandler       0x800'412d          Code  Wk  startup_stm32h723xx.o [4]
USART1_IRQHandler        0x800'3fb9          Code  Wk  startup_stm32h723xx.o [4]
USART2_IRQHandler        0x800'3fbd          Code  Wk  startup_stm32h723xx.o [4]
USART3_IRQHandler        0x800'3fc1          Code  Wk  startup_stm32h723xx.o [4]
USART6_IRQHandler        0x800'402d          Code  Wk  startup_stm32h723xx.o [4]
UsageFault_Handler       0x800'3ef9     0x2  Code  Gb  stm32h7xx_it.o [3]
WAKEUP_PIN_IRQHandler    0x800'4119          Code  Wk  startup_stm32h723xx.o [4]
WWDG_IRQHandler          0x800'3f25          Code  Wk  startup_stm32h723xx.o [4]
__NVIC_SetPriority       0x800'1511    0x1a  Code  Lc  stm32h7xx_hal_cortex.o [6]
__aeabi_memclr4          0x800'167d          Code  Gb  ABImemclr4.o [9]
__cmain                  0x800'3e45          Code  Gb  cmain.o [9]
__exit                   0x800'3e81    0x14  Code  Gb  exit.o [10]
__iar_Memset4_word       0x800'292d          Code  Gb  ABImemset48.o [9]
__iar_Memset8_word       0x800'292d          Code  Gb  ABImemset48.o [9]
__iar_copy_init3         0x800'1683    0x2a  Code  Gb  copy_init3.o [9]
__iar_data_init3         0x800'3df9    0x28  Code  Gb  data_init.o [9]
__iar_init_vfp           0x800'3e21          Code  Gb  fpinit_M.o [8]
__iar_program_start      0x800'3eb9          Code  Gb  cstartup_M.o [9]
__iar_small_Memset       0x800'2f31          Code  Gb  ABImemset_small.o [9]
__iar_small_Memset_word
                         0x800'2f31          Code  Gb  ABImemset_small.o [9]
__iar_small_memset       0x800'2f31          Code  Gb  ABImemset_small.o [9]
__iar_zero_init3         0x800'3d8d    0x38  Code  Gb  zero_init3.o [9]
__low_level_init         0x800'3e67     0x4  Code  Gb  low_level_init.o [7]
__tx_PendSVHandler       0x800'33b1          Code  Gb  tx_thread_schedule.o [5]
__tx_SysTickHandler      0x800'32f5          Code  Gb  tx_initialize_low_level.o [3]
__vector_table           0x800'0000          Data  Gb  startup_stm32h723xx.o [4]
_call_main               0x800'3e51          Code  Gb  cmain.o [9]
_exit                    0x800'3e71          Code  Gb  cexit.o [9]
_exit_2                  0x800'3e75          Code  Gb  cexit_2.o [9]
_tx_block_pool_created_count
                        0x2000'2b4c     0x4  Data  Gb  tx_initialize_high_level.o [5]
_tx_block_pool_created_ptr
                        0x2000'2b48     0x4  Data  Gb  tx_initialize_high_level.o [5]
_tx_build_options       0x2000'2a54     0x4  Data  Gb  tx_thread_initialize.o [5]
_tx_byte_allocate        0x800'2f45    0xc0  Code  Gb  tx_byte_allocate.o [5]
_tx_byte_pool_cleanup    0x800'3c71    0x7c  Code  Gb  tx_byte_pool_cleanup.o [5]
_tx_byte_pool_create     0x800'39fd    0x80  Code  Gb  tx_byte_pool_create.o [5]
_tx_byte_pool_created_count
                        0x2000'2b54     0x4  Data  Gb  tx_initialize_high_level.o [5]
_tx_byte_pool_created_ptr
                        0x2000'2b50     0x4  Data  Gb  tx_initialize_high_level.o [5]
_tx_byte_pool_search     0x800'3455    0xf4  Code  Gb  tx_byte_pool_search.o [5]
_tx_event_flags_created_count
                        0x2000'2b3c     0x4  Data  Gb  tx_initialize_high_level.o [5]
_tx_event_flags_created_ptr
                        0x2000'2b38     0x4  Data  Gb  tx_initialize_high_level.o [5]
_tx_initialize_high_level
                         0x800'3319    0x2c  Code  Gb  tx_initialize_high_level.o [5]
_tx_initialize_kernel_enter
                         0x800'2b91    0x44  Code  Gb  tx_initialize_kernel_enter.o [5]
_tx_initialize_low_level
                         0x800'32b5          Code  Gb  tx_initialize_low_level.o [3]
_tx_initialize_unused_memory
                        0x2000'2b5c     0x4  Data  Gb  tx_initialize_high_level.o [5]
_tx_mutex_created_count
                        0x2000'2b44     0x4  Data  Gb  tx_initialize_high_level.o [5]
_tx_mutex_created_ptr   0x2000'2b40     0x4  Data  Gb  tx_initialize_high_level.o [5]
_tx_queue_created_count
                        0x2000'2b34     0x4  Data  Gb  tx_initialize_high_level.o [5]
_tx_queue_created_ptr   0x2000'2b30     0x4  Data  Gb  tx_initialize_high_level.o [5]
_tx_semaphore_created_count
                        0x2000'2b2c     0x4  Data  Gb  tx_initialize_high_level.o [5]
_tx_semaphore_created_ptr
                        0x2000'2b28     0x4  Data  Gb  tx_initialize_high_level.o [5]
_tx_thread_create        0x800'3049   0x128  Code  Gb  tx_thread_create.o [5]
_tx_thread_created_count
                        0x2000'2a44     0x4  Data  Gb  tx_thread_initialize.o [5]
_tx_thread_created_ptr  0x2000'2a40     0x4  Data  Gb  tx_thread_initialize.o [5]
_tx_thread_current_ptr  0x2000'2a38     0x4  Data  Gb  tx_thread_initialize.o [5]
_tx_thread_execute_ptr  0x2000'2a3c     0x4  Data  Gb  tx_thread_initialize.o [5]
_tx_thread_highest_priority
                        0x2000'2a48     0x4  Data  Gb  tx_thread_initialize.o [5]
_tx_thread_initialize    0x800'37bd    0x38  Code  Gb  tx_thread_initialize.o [5]
_tx_thread_mutex_release
                        0x2000'2a50     0x4  Data  Gb  tx_thread_initialize.o [5]
_tx_thread_preempt_disable
                        0x2000'2a4c     0x4  Data  Gb  tx_thread_initialize.o [5]
_tx_thread_priority_list
                        0x2000'2a5c    0x80  Data  Gb  tx_thread_initialize.o [5]
_tx_thread_priority_maps
                        0x2000'2a58     0x4  Data  Gb  tx_thread_initialize.o [5]
_tx_thread_schedule      0x800'3385          Code  Gb  tx_thread_schedule.o [5]
_tx_thread_shell_entry   0x800'3ced    0x54  Code  Gb  tx_thread_shell_entry.o [5]
_tx_thread_sleep         0x800'2b11    0x80  Code  Gb  tx_thread_sleep.o [5]
_tx_thread_stack_build   0x800'3549          Code  Gb  tx_thread_stack_build.o [5]
_tx_thread_system_preempt_check
                         0x800'3005    0x44  Code  Gb  tx_thread_system_preempt_check.o [5]
_tx_thread_system_resume
                         0x800'358d   0x118  Code  Gb  tx_thread_system_resume.o [5]
_tx_thread_system_stack_ptr
                        0x2000'2b60     0x4  Data  Gb  tx_thread_initialize.o [5]
_tx_thread_system_state
                        0x2000'0014     0x4  Data  Gb  tx_thread_initialize.o [5]
_tx_thread_system_suspend
                         0x800'3171   0x144  Code  Gb  tx_thread_system_suspend.o [5]
_tx_thread_time_slice    0x800'399d    0x60  Code  Gb  tx_thread_time_slice.o [5]
_tx_thread_timeout       0x800'3dc5    0x34  Code  Gb  tx_thread_timeout.o [5]
_tx_timer_created_count
                        0x2000'2068     0x4  Data  Gb  tx_timer_initialize.o [5]
_tx_timer_created_ptr   0x2000'2064     0x4  Data  Gb  tx_timer_initialize.o [5]
_tx_timer_current_ptr   0x2000'205c     0x4  Data  Gb  tx_timer_initialize.o [5]
_tx_timer_expiration_process
                         0x800'397d    0x20  Code  Gb  tx_timer_expiration_process.o [5]
_tx_timer_expired       0x2000'2060     0x4  Data  Gb  tx_timer_initialize.o [5]
_tx_timer_expired_time_slice
                        0x2000'2050     0x4  Data  Gb  tx_timer_initialize.o [5]
_tx_timer_expired_timer_ptr
                        0x2000'206c     0x4  Data  Gb  tx_timer_initialize.o [5]
_tx_timer_initialize     0x800'37f5    0x72  Code  Gb  tx_timer_initialize.o [5]
_tx_timer_interrupt      0x800'3705          Code  Gb  tx_timer_interrupt.o [5]
_tx_timer_list          0x2000'2080    0x80  Data  Gb  tx_timer_initialize.o [5]
_tx_timer_list_end      0x2000'2058     0x4  Data  Gb  tx_timer_initialize.o [5]
_tx_timer_list_start    0x2000'2054     0x4  Data  Gb  tx_timer_initialize.o [5]
_tx_timer_priority      0x2000'2078     0x4  Data  Gb  tx_timer_initialize.o [5]
_tx_timer_stack_size    0x2000'2074     0x4  Data  Gb  tx_timer_initialize.o [5]
_tx_timer_stack_start   0x2000'2070     0x4  Data  Gb  tx_timer_initialize.o [5]
_tx_timer_system_activate
                         0x800'36a5    0x60  Code  Gb  tx_timer_system_activate.o [5]
_tx_timer_system_clock  0x2000'204c     0x4  Data  Gb  tx_timer_initialize.o [5]
_tx_timer_system_deactivate
                         0x800'3951    0x2c  Code  Gb  tx_timer_system_deactivate.o [5]
_tx_timer_thread        0x2000'2100    0xb0  Data  Gb  tx_timer_initialize.o [5]
_tx_timer_thread_entry   0x800'3a7d   0x108  Code  Gb  tx_timer_thread_entry.o [5]
_tx_timer_thread_stack_area
                        0x2000'21b0   0x400  Data  Gb  tx_timer_initialize.o [5]
_tx_timer_time_slice    0x2000'207c     0x4  Data  Gb  tx_timer_initialize.o [5]
_txe_byte_allocate       0x800'2961    0x74  Code  Gb  txe_byte_allocate.o [5]
_txe_byte_pool_create    0x800'3889    0xc8  Code  Gb  txe_byte_pool_create.o [5]
_txe_thread_create       0x800'29d5   0x13c  Code  Gb  txe_thread_create.o [5]
exit                     0x800'3e6b     0x4  Code  Gb  exit.o [7]
hdac1                   0x2000'28c0    0x14  Data  Gb  main.o [3]
hfdcan1                 0x2000'25b0    0xa0  Data  Gb  main.o [3]
hfdcan2                 0x2000'2650    0xa0  Data  Gb  main.o [3]
hfdcan3                 0x2000'26f0    0xa0  Data  Gb  main.o [3]
hi2c1                   0x2000'2818    0x54  Data  Gb  main.o [3]
hi2c2                   0x2000'286c    0x54  Data  Gb  main.o [3]
hspi5                   0x2000'2790    0x88  Data  Gb  main.o [3]
htim23                  0x2000'2adc    0x4c  Data  Gb  stm32h7xx_hal_timebase_tim.o [3]
main                     0x800'10c1   0x2e0  Code  Gb  main.o [3]
pointer2                0x2000'28d4     0x4  Data  Gb  app_threadx.o [3]
tx_app_byte_pool        0x2000'2018    0x34  Data  Lc  app_azure_rtos.o [1]
tx_app_thread           0x2000'28d8    0xb0  Data  Gb  app_threadx.o [3]
tx_app_thread2          0x2000'2988    0xb0  Data  Gb  app_threadx.o [3]
tx_app_thread_entry      0x800'2129    0x14  Code  Gb  app_threadx.o [3]
tx_app_thread_entry2     0x800'2141    0x16  Code  Gb  app_threadx.o [3]
tx_application_define    0x800'3345    0x26  Code  Gb  app_azure_rtos.o [1]
tx_byte_pool_buffer     0x2000'0018  0x2000  Data  Lc  app_azure_rtos.o [1]
tx_thread_fpu_disable    0x800'3433          Code  Gb  tx_thread_schedule.o [5]
tx_thread_fpu_enable     0x800'3433          Code  Gb  tx_thread_schedule.o [5]
uwTick                  0x2000'0004     0x4  Data  Gb  stm32h7xx_hal.o [6]
uwTickFreq              0x2000'0000     0x1  Data  Gb  stm32h7xx_hal.o [6]
uwTickPrio              0x2000'0008     0x4  Data  Gb  stm32h7xx_hal.o [6]


[1] = D:\ws_STM32\STM32H723ZGT6_AzureRTOS_IAR\EWARM\STM32H723ZGT6_AzureRTOS_IAR\Obj\App_15308281552909585961.dir
[2] = D:\ws_STM32\STM32H723ZGT6_AzureRTOS_IAR\EWARM\STM32H723ZGT6_AzureRTOS_IAR\Obj\CMSIS_6603591812247902717.dir
[3] = D:\ws_STM32\STM32H723ZGT6_AzureRTOS_IAR\EWARM\STM32H723ZGT6_AzureRTOS_IAR\Obj\Core_13247989168731456611.dir
[4] = D:\ws_STM32\STM32H723ZGT6_AzureRTOS_IAR\EWARM\STM32H723ZGT6_AzureRTOS_IAR\Obj\EWARM_18443280873093131863.dir
[5] = D:\ws_STM32\STM32H723ZGT6_AzureRTOS_IAR\EWARM\STM32H723ZGT6_AzureRTOS_IAR\Obj\RTOS\ThreadX\Core_3420850151075944117.dir
[6] = D:\ws_STM32\STM32H723ZGT6_AzureRTOS_IAR\EWARM\STM32H723ZGT6_AzureRTOS_IAR\Obj\STM32H7xx_HAL_Driver_12323373487323971647.dir
[7] = dl7M_tlf.a
[8] = m7M_tlv.a
[9] = rt7M_tl.a
[10] = shb_l.a

  16'572 bytes of readonly  code memory
     136 bytes of readonly  data memory
  12'132 bytes of readwrite data memory

Errors: none
Warnings: none
